Archive member included to satisfy reference by file (symbol)

/usr/lib/gcc/arm-none-eabi/13.2.0/../../../../arm-none-eabi/lib/thumb/v7-m/nofp/libc_nano.a(libc_a-atexit.o)
                              /usr/lib/gcc/arm-none-eabi/13.2.0/../../../../arm-none-eabi/lib/thumb/v7-m/nofp/crt0.o (atexit)
/usr/lib/gcc/arm-none-eabi/13.2.0/../../../../arm-none-eabi/lib/thumb/v7-m/nofp/libc_nano.a(libc_a-exit.o)
                              /usr/lib/gcc/arm-none-eabi/13.2.0/../../../../arm-none-eabi/lib/thumb/v7-m/nofp/crt0.o (exit)
/usr/lib/gcc/arm-none-eabi/13.2.0/../../../../arm-none-eabi/lib/thumb/v7-m/nofp/libc_nano.a(libc_a-findfp.o)
                              /usr/lib/gcc/arm-none-eabi/13.2.0/../../../../arm-none-eabi/lib/thumb/v7-m/nofp/libc_nano.a(libc_a-exit.o) (__stdio_exit_handler)
/usr/lib/gcc/arm-none-eabi/13.2.0/../../../../arm-none-eabi/lib/thumb/v7-m/nofp/libc_nano.a(libc_a-fwalk.o)
                              /usr/lib/gcc/arm-none-eabi/13.2.0/../../../../arm-none-eabi/lib/thumb/v7-m/nofp/libc_nano.a(libc_a-findfp.o) (_fwalk_sglue)
/usr/lib/gcc/arm-none-eabi/13.2.0/../../../../arm-none-eabi/lib/thumb/v7-m/nofp/libc_nano.a(libc_a-stdio.o)
                              /usr/lib/gcc/arm-none-eabi/13.2.0/../../../../arm-none-eabi/lib/thumb/v7-m/nofp/libc_nano.a(libc_a-findfp.o) (__sread)
/usr/lib/gcc/arm-none-eabi/13.2.0/../../../../arm-none-eabi/lib/thumb/v7-m/nofp/libc_nano.a(libc_a-memset.o)
                              /usr/lib/gcc/arm-none-eabi/13.2.0/../../../../arm-none-eabi/lib/thumb/v7-m/nofp/crt0.o (memset)
/usr/lib/gcc/arm-none-eabi/13.2.0/../../../../arm-none-eabi/lib/thumb/v7-m/nofp/libc_nano.a(libc_a-closer.o)
                              /usr/lib/gcc/arm-none-eabi/13.2.0/../../../../arm-none-eabi/lib/thumb/v7-m/nofp/libc_nano.a(libc_a-stdio.o) (_close_r)
/usr/lib/gcc/arm-none-eabi/13.2.0/../../../../arm-none-eabi/lib/thumb/v7-m/nofp/libc_nano.a(libc_a-reent.o)
                              /usr/lib/gcc/arm-none-eabi/13.2.0/../../../../arm-none-eabi/lib/thumb/v7-m/nofp/libc_nano.a(libc_a-closer.o) (errno)
/usr/lib/gcc/arm-none-eabi/13.2.0/../../../../arm-none-eabi/lib/thumb/v7-m/nofp/libc_nano.a(libc_a-impure.o)
                              /usr/lib/gcc/arm-none-eabi/13.2.0/../../../../arm-none-eabi/lib/thumb/v7-m/nofp/libc_nano.a(libc_a-reent.o) (_impure_ptr)
/usr/lib/gcc/arm-none-eabi/13.2.0/../../../../arm-none-eabi/lib/thumb/v7-m/nofp/libc_nano.a(libc_a-lseekr.o)
                              /usr/lib/gcc/arm-none-eabi/13.2.0/../../../../arm-none-eabi/lib/thumb/v7-m/nofp/libc_nano.a(libc_a-stdio.o) (_lseek_r)
/usr/lib/gcc/arm-none-eabi/13.2.0/../../../../arm-none-eabi/lib/thumb/v7-m/nofp/libc_nano.a(libc_a-readr.o)
                              /usr/lib/gcc/arm-none-eabi/13.2.0/../../../../arm-none-eabi/lib/thumb/v7-m/nofp/libc_nano.a(libc_a-stdio.o) (_read_r)
/usr/lib/gcc/arm-none-eabi/13.2.0/../../../../arm-none-eabi/lib/thumb/v7-m/nofp/libc_nano.a(libc_a-writer.o)
                              /usr/lib/gcc/arm-none-eabi/13.2.0/../../../../arm-none-eabi/lib/thumb/v7-m/nofp/libc_nano.a(libc_a-stdio.o) (_write_r)
/usr/lib/gcc/arm-none-eabi/13.2.0/../../../../arm-none-eabi/lib/thumb/v7-m/nofp/libc_nano.a(libc_a-init.o)
                              /usr/lib/gcc/arm-none-eabi/13.2.0/../../../../arm-none-eabi/lib/thumb/v7-m/nofp/crt0.o (__libc_init_array)
/usr/lib/gcc/arm-none-eabi/13.2.0/../../../../arm-none-eabi/lib/thumb/v7-m/nofp/libc_nano.a(libc_a-fini.o)
                              /usr/lib/gcc/arm-none-eabi/13.2.0/../../../../arm-none-eabi/lib/thumb/v7-m/nofp/crt0.o (__libc_fini_array)
/usr/lib/gcc/arm-none-eabi/13.2.0/../../../../arm-none-eabi/lib/thumb/v7-m/nofp/libc_nano.a(libc_a-lock.o)
                              /usr/lib/gcc/arm-none-eabi/13.2.0/../../../../arm-none-eabi/lib/thumb/v7-m/nofp/libc_nano.a(libc_a-findfp.o) (__retarget_lock_init_recursive)
/usr/lib/gcc/arm-none-eabi/13.2.0/../../../../arm-none-eabi/lib/thumb/v7-m/nofp/libc_nano.a(libc_a-__atexit.o)
                              /usr/lib/gcc/arm-none-eabi/13.2.0/../../../../arm-none-eabi/lib/thumb/v7-m/nofp/libc_nano.a(libc_a-atexit.o) (__register_exitproc)
/usr/lib/gcc/arm-none-eabi/13.2.0/../../../../arm-none-eabi/lib/thumb/v7-m/nofp/libc_nano.a(libc_a-__call_atexit.o)
                              /usr/lib/gcc/arm-none-eabi/13.2.0/../../../../arm-none-eabi/lib/thumb/v7-m/nofp/libc_nano.a(libc_a-__atexit.o) (__call_exitprocs)
/usr/lib/gcc/arm-none-eabi/13.2.0/../../../../arm-none-eabi/lib/thumb/v7-m/nofp/libc_nano.a(libc_a-freer.o)
                              /usr/lib/gcc/arm-none-eabi/13.2.0/../../../../arm-none-eabi/lib/thumb/v7-m/nofp/libc_nano.a(libc_a-reent.o) (_free_r)
/usr/lib/gcc/arm-none-eabi/13.2.0/../../../../arm-none-eabi/lib/thumb/v7-m/nofp/libc_nano.a(libc_a-mallocr.o)
                              /usr/lib/gcc/arm-none-eabi/13.2.0/../../../../arm-none-eabi/lib/thumb/v7-m/nofp/libc_nano.a(libc_a-findfp.o) (_malloc_r)
[...]
Memory Configuration

Name             Origin             Length             Attributes
RAM              0x20000000         0x00005000         xrw
FLASH            0x08000000         0x00010000         xr
*default*        0x00000000         0xffffffff

Linker script and memory map

LOAD /usr/lib/gcc/arm-none-eabi/13.2.0/thumb/v7-m/nofp/crti.o
LOAD /usr/lib/gcc/arm-none-eabi/13.2.0/thumb/v7-m/nofp/crtbegin.o
LOAD /usr/lib/gcc/arm-none-eabi/13.2.0/../../../../arm-none-eabi/lib/thumb/v7-m/nofp/crt0.o
LOAD build/main.o
LOAD build/stm32f1xx_it.o
LOAD build/stm32f1xx_hal_msp.o
LOAD build/usb_hid_keyboard.o
LOAD build/stm32f1xx_hal_gpio_ex.o
LOAD build/stm32f1xx_hal_tim.o
LOAD build/stm32f1xx_hal_tim_ex.o
LOAD build/stm32f1xx_hal.o
LOAD build/stm32f1xx_hal_rcc.o
LOAD build/stm32f1xx_hal_rcc_ex.o
LOAD build/stm32f1xx_hal_gpio.o
LOAD build/stm32f1xx_hal_dma.o
LOAD build/stm32f1xx_hal_cortex.o
LOAD build/stm32f1xx_hal_pwr.o
LOAD build/stm32f1xx_hal_flash.o
LOAD build/stm32f1xx_hal_flash_ex.o
LOAD build/stm32f1xx_hal_exti.o
LOAD build/system_stm32f1xx.o
LOAD build/usb_device.o
LOAD build/usbd_desc.o
LOAD build/usbd_conf.o
LOAD build/stm32f1xx_hal_pcd.o
LOAD build/stm32f1xx_hal_pcd_ex.o
LOAD build/stm32f1xx_ll_usb.o
LOAD build/usbd_core.o
LOAD build/usbd_ctlreq.o
LOAD build/usbd_ioreq.o
LOAD build/usbd_hid.o
LOAD build/startup_stm32f103xb.o
LOAD /usr/lib/gcc/arm-none-eabi/13.2.0/../../../../arm-none-eabi/lib/thumb/v7-m/nofp/libc_nano.a
LOAD /usr/lib/gcc/arm-none-eabi/13.2.0/../../../../arm-none-eabi/lib/thumb/v7-m/nofp/libm.a
LOAD /usr/lib/gcc/arm-none-eabi/13.2.0/../../../../arm-none-eabi/lib/thumb/v7-m/nofp/libnosys.a
START GROUP
LOAD /usr/lib/gcc/arm-none-eabi/13.2.0/thumb/v7-m/nofp/libgcc.a
LOAD /usr/lib/gcc/arm-none-eabi/13.2.0/../../../../arm-none-eabi/lib/thumb/v7-m/nofp/libc_nano.a
END GROUP
START GROUP
LOAD /usr/lib/gcc/arm-none-eabi/13.2.0/thumb/v7-m/nofp/libgcc.a
LOAD /usr/lib/gcc/arm-none-eabi/13.2.0/../../../../arm-none-eabi/lib/thumb/v7-m/nofp/libc_nano.a
END GROUP
LOAD /usr/lib/gcc/arm-none-eabi/13.2.0/thumb/v7-m/nofp/crtend.o
LOAD /usr/lib/gcc/arm-none-eabi/13.2.0/thumb/v7-m/nofp/crtn.o
                0x20005000                        _estack = (ORIGIN (RAM) + LENGTH (RAM))
                0x00000200                        _Min_Heap_Size = 0x200
                0x00000400                        _Min_Stack_Size = 0x400

.isr_vector     0x08000000      0x10c
                0x08000000                        . = ALIGN (0x4)
 *(.isr_vector)
 .isr_vector    0x08000000      0x10c build/startup_stm32f103xb.o
                0x08000000                g_pfnVectors
                0x0800010c                        . = ALIGN (0x4)

.text           0x0800010c     0x3ddc
                0x0800010c                        . = ALIGN (0x4)
 *(.text)
 *(.text*)
 .text.__do_global_dtors_aux
                0x0800010c       0x24 /usr/lib/gcc/arm-none-eabi/13.2.0/thumb/v7-m/nofp/crtbegin.o
 .text.frame_dummy
                0x08000130       0x1c /usr/lib/gcc/arm-none-eabi/13.2.0/thumb/v7-m/nofp/crtbegin.o
 .text.MX_GPIO_Init
                0x0800014c       0x8c build/main.o
 .text.Error_Handler
                0x080001d8        0x4 build/main.o
                0x080001d8                Error_Handler
 .text.SystemClock_Config
                0x080001dc       0x82 build/main.o
                0x080001dc                SystemClock_Config
 *fill*         0x0800025e        0x2 
 .text.main     0x08000260      0x148 build/main.o
                0x08000260                main
 .text.NMI_Handler
                0x080003a8        0x2 build/stm32f1xx_it.o
                0x080003a8                NMI_Handler
 .text.HardFault_Handler
                0x080003aa        0x2 build/stm32f1xx_it.o
                0x080003aa                HardFault_Handler
 .text.MemManage_Handler
                0x080003ac        0x2 build/stm32f1xx_it.o
                0x080003ac                MemManage_Handler
 .text.BusFault_Handler
                0x080003ae        0x2 build/stm32f1xx_it.o
                0x080003ae                BusFault_Handler
 .text.UsageFault_Handler
                0x080003b0        0x2 build/stm32f1xx_it.o
                0x080003b0                UsageFault_Handler
 .text.SVC_Handler
                0x080003b2        0x2 build/stm32f1xx_it.o
                0x080003b2                SVC_Handler
 .text.DebugMon_Handler
                0x080003b4        0x2 build/stm32f1xx_it.o
                0x080003b4                DebugMon_Handler
 .text.PendSV_Handler
                0x080003b6        0x2 build/stm32f1xx_it.o
                0x080003b6                PendSV_Handler
 .text.SysTick_Handler
                0x080003b8        0x8 build/stm32f1xx_it.o
                0x080003b8                SysTick_Handler
 .text.USB_LP_CAN1_RX0_IRQHandler
                0x080003c0       0x10 build/stm32f1xx_it.o
                0x080003c0                USB_LP_CAN1_RX0_IRQHandler
 .text.HAL_MspInit
                0x080003d0       0x44 build/stm32f1xx_hal_msp.o
                0x080003d0                HAL_MspInit
 .text.USB_Keyboard_SendChar
                0x08000414       0xe0 build/usb_hid_keyboard.o
                0x08000414                USB_Keyboard_SendChar
 .text.USB_Keyboard_SendString
                0x080004f4       0x18 build/usb_hid_keyboard.o
                0x080004f4                USB_Keyboard_SendString
 .text.HAL_InitTick
                0x0800050c       0x4c build/stm32f1xx_hal.o
                0x0800050c                HAL_InitTick
 .text.HAL_Init
                0x08000558       0x24 build/stm32f1xx_hal.o
                0x08000558                HAL_Init
 .text.HAL_IncTick
                0x0800057c       0x18 build/stm32f1xx_hal.o
                0x0800057c                HAL_IncTick
 .text.HAL_GetTick
                0x08000594        0xc build/stm32f1xx_hal.o
                0x08000594                HAL_GetTick
 .text.HAL_Delay
                0x080005a0       0x28 build/stm32f1xx_hal.o
                0x080005a0                HAL_Delay
 .text.RCC_Delay
                0x080005c8       0x2c build/stm32f1xx_hal_rcc.o
 .text.HAL_RCC_OscConfig
                0x080005f4      0x410 build/stm32f1xx_hal_rcc.o
                0x080005f4                HAL_RCC_OscConfig
 .text.HAL_RCC_GetSysClockFreq
                0x08000a04       0x54 build/stm32f1xx_hal_rcc.o
                0x08000a04                HAL_RCC_GetSysClockFreq
 .text.HAL_RCC_ClockConfig
                0x08000a58      0x16c build/stm32f1xx_hal_rcc.o
                0x08000a58                HAL_RCC_ClockConfig
 .text.HAL_RCCEx_PeriphCLKConfig
                0x08000bc4      0x118 build/stm32f1xx_hal_rcc_ex.o
                0x08000bc4                HAL_RCCEx_PeriphCLKConfig
 .text.HAL_GPIO_Init
                0x08000cdc      0x21c build/stm32f1xx_hal_gpio.o
                0x08000cdc                HAL_GPIO_Init
 .text.HAL_GPIO_ReadPin
                0x08000ef8        0xe build/stm32f1xx_hal_gpio.o
                0x08000ef8                HAL_GPIO_ReadPin
 .text.HAL_GPIO_WritePin
                0x08000f06        0xc build/stm32f1xx_hal_gpio.o
                0x08000f06                HAL_GPIO_WritePin
 *fill*         0x08000f12        0x2 
 .text.__NVIC_SetPriority
                0x08000f14       0x28 build/stm32f1xx_hal_cortex.o
 .text.NVIC_EncodePriority
                0x08000f3c       0x3e build/stm32f1xx_hal_cortex.o
 *fill*         0x08000f7a        0x2 
 .text.HAL_NVIC_SetPriorityGrouping
                0x08000f7c       0x24 build/stm32f1xx_hal_cortex.o
                0x08000f7c                HAL_NVIC_SetPriorityGrouping
 .text.HAL_NVIC_SetPriority
                0x08000fa0       0x20 build/stm32f1xx_hal_cortex.o
                0x08000fa0                HAL_NVIC_SetPriority
 .text.HAL_NVIC_EnableIRQ
                0x08000fc0       0x1c build/stm32f1xx_hal_cortex.o
                0x08000fc0                HAL_NVIC_EnableIRQ
 .text.HAL_SYSTICK_Config
                0x08000fdc       0x28 build/stm32f1xx_hal_cortex.o
                0x08000fdc                HAL_SYSTICK_Config
 .text.SystemInit
                0x08001004        0x2 build/system_stm32f1xx.o
                0x08001004                SystemInit
 *fill*         0x08001006        0x2 
 .text.MX_USB_DEVICE_Init
                0x08001008       0x40 build/usb_device.o
                0x08001008                MX_USB_DEVICE_Init
 .text.USBD_FS_DeviceDescriptor
                0x08001048        0xc build/usbd_desc.o
                0x08001048                USBD_FS_DeviceDescriptor
 .text.USBD_FS_LangIDStrDescriptor
                0x08001054        0xc build/usbd_desc.o
                0x08001054                USBD_FS_LangIDStrDescriptor
 .text.IntToUnicode
                0x08001060       0x46 build/usbd_desc.o
 *fill*         0x080010a6        0x2 
 .text.Get_SerialNum
                0x080010a8       0x38 build/usbd_desc.o
 .text.USBD_FS_SerialStrDescriptor
                0x080010e0       0x14 build/usbd_desc.o
                0x080010e0                USBD_FS_SerialStrDescriptor
 .text.USBD_FS_ProductStrDescriptor
                0x080010f4       0x24 build/usbd_desc.o
                0x080010f4                USBD_FS_ProductStrDescriptor
 .text.USBD_FS_ManufacturerStrDescriptor
                0x08001118       0x1c build/usbd_desc.o
                0x08001118                USBD_FS_ManufacturerStrDescriptor
 .text.USBD_FS_ConfigStrDescriptor
                0x08001134       0x24 build/usbd_desc.o
                0x08001134                USBD_FS_ConfigStrDescriptor
 .text.USBD_FS_InterfaceStrDescriptor
                0x08001158       0x24 build/usbd_desc.o
                0x08001158                USBD_FS_InterfaceStrDescriptor
 .text.USBD_Get_USB_Status
                0x0800117c       0x14 build/usbd_conf.o
 .text.HAL_PCD_MspInit
                0x08001190       0x40 build/usbd_conf.o
                0x08001190                HAL_PCD_MspInit
 .text.HAL_PCD_SetupStageCallback
                0x080011d0       0x10 build/usbd_conf.o
                0x080011d0                HAL_PCD_SetupStageCallback
 .text.HAL_PCD_DataOutStageCallback
                0x080011e0       0x18 build/usbd_conf.o
                0x080011e0                HAL_PCD_DataOutStageCallback
 .text.HAL_PCD_DataInStageCallback
                0x080011f8       0x16 build/usbd_conf.o
                0x080011f8                HAL_PCD_DataInStageCallback
 .text.HAL_PCD_SOFCallback
                0x0800120e        0xc build/usbd_conf.o
                0x0800120e                HAL_PCD_SOFCallback
 .text.HAL_PCD_ResetCallback
                0x0800121a       0x24 build/usbd_conf.o
                0x0800121a                HAL_PCD_ResetCallback
 *fill*         0x0800123e        0x2 
 .text.HAL_PCD_SuspendCallback
                0x08001240       0x20 build/usbd_conf.o
                0x08001240                HAL_PCD_SuspendCallback
 .text.HAL_PCD_ResumeCallback
                0x08001260        0xc build/usbd_conf.o
                0x08001260                HAL_PCD_ResumeCallback
 .text.USBD_LL_Init
                0x0800126c       0x68 build/usbd_conf.o
                0x0800126c                USBD_LL_Init
 .text.USBD_LL_Start
                0x080012d4       0x10 build/usbd_conf.o
                0x080012d4                USBD_LL_Start
 .text.USBD_LL_OpenEP
                0x080012e4       0x16 build/usbd_conf.o
                0x080012e4                USBD_LL_OpenEP
 .text.USBD_LL_CloseEP
                0x080012fa       0x10 build/usbd_conf.o
                0x080012fa                USBD_LL_CloseEP
 .text.USBD_LL_StallEP
                0x0800130a       0x10 build/usbd_conf.o
                0x0800130a                USBD_LL_StallEP
 .text.USBD_LL_ClearStallEP
                0x0800131a       0x10 build/usbd_conf.o
                0x0800131a                USBD_LL_ClearStallEP
 .text.USBD_LL_IsStallEP
                0x0800132a       0x2e build/usbd_conf.o
                0x0800132a                USBD_LL_IsStallEP
 .text.USBD_LL_SetUSBAddress
                0x08001358       0x10 build/usbd_conf.o
                0x08001358                USBD_LL_SetUSBAddress
 .text.USBD_LL_Transmit
                0x08001368       0x10 build/usbd_conf.o
                0x08001368                USBD_LL_Transmit
 .text.USBD_LL_PrepareReceive
                0x08001378       0x10 build/usbd_conf.o
                0x08001378                USBD_LL_PrepareReceive
 .text.USBD_static_malloc
                0x08001388        0x8 build/usbd_conf.o
                0x08001388                USBD_static_malloc
 .text.USBD_static_free
                0x08001390        0x2 build/usbd_conf.o
                0x08001390                USBD_static_free
 .text.HAL_PCDEx_SetConnectionState
                0x08001392        0x2 build/usbd_conf.o
                0x08001392                HAL_PCDEx_SetConnectionState
 .text.HAL_PCD_EP_DB_Receive
                0x08001394      0x11c build/stm32f1xx_hal_pcd.o
 .text.HAL_PCD_Init
                0x080014b0      0x110 build/stm32f1xx_hal_pcd.o
                0x080014b0                HAL_PCD_Init
 .text.HAL_PCD_Start
                0x080015c0       0x32 build/stm32f1xx_hal_pcd.o
                0x080015c0                HAL_PCD_Start
 .text.HAL_PCD_EP_DB_Transmit
                0x080015f2      0x424 build/stm32f1xx_hal_pcd.o
 .text.PCD_EP_ISR_Handler
                0x08001a16      0x53e build/stm32f1xx_hal_pcd.o
 .text.HAL_PCD_SetAddress
                0x08001f54       0x28 build/stm32f1xx_hal_pcd.o
                0x08001f54                HAL_PCD_SetAddress
 .text.HAL_PCD_IRQHandler
                0x08001f7c      0x1b0 build/stm32f1xx_hal_pcd.o
                0x08001f7c                HAL_PCD_IRQHandler
 .text.HAL_PCD_EP_Open
                0x0800212c       0x7c build/stm32f1xx_hal_pcd.o
                0x0800212c                HAL_PCD_EP_Open
 .text.HAL_PCD_EP_Close
                0x080021a8       0x64 build/stm32f1xx_hal_pcd.o
                0x080021a8                HAL_PCD_EP_Close
 .text.HAL_PCD_EP_Receive
                0x0800220c       0x3a build/stm32f1xx_hal_pcd.o
                0x0800220c                HAL_PCD_EP_Receive
 .text.HAL_PCD_EP_Transmit
                0x08002246       0x44 build/stm32f1xx_hal_pcd.o
                0x08002246                HAL_PCD_EP_Transmit
 .text.HAL_PCD_EP_SetStall
                0x0800228a       0x78 build/stm32f1xx_hal_pcd.o
                0x0800228a                HAL_PCD_EP_SetStall
 .text.HAL_PCD_EP_ClrStall
                0x08002302       0x76 build/stm32f1xx_hal_pcd.o
                0x08002302                HAL_PCD_EP_ClrStall
 .text.HAL_PCDEx_PMAConfig
                0x08002378       0x38 build/stm32f1xx_hal_pcd_ex.o
                0x08002378                HAL_PCDEx_PMAConfig
 .text.USB_CoreInit
                0x080023b0        0xe build/stm32f1xx_ll_usb.o
                0x080023b0                USB_CoreInit
 .text.USB_EnableGlobalInt
                0x080023be       0x12 build/stm32f1xx_ll_usb.o
                0x080023be                USB_EnableGlobalInt
 .text.USB_DisableGlobalInt
                0x080023d0       0x14 build/stm32f1xx_ll_usb.o
                0x080023d0                USB_DisableGlobalInt
 .text.USB_SetCurrentMode
                0x080023e4        0x4 build/stm32f1xx_ll_usb.o
                0x080023e4                USB_SetCurrentMode
 .text.USB_DevInit
                0x080023e8       0x22 build/stm32f1xx_ll_usb.o
                0x080023e8                USB_DevInit
 .text.USB_ActivateEndpoint
                0x0800240a      0x3ca build/stm32f1xx_ll_usb.o
                0x0800240a                USB_ActivateEndpoint
 .text.USB_DeactivateEndpoint
                0x080027d4      0x1d6 build/stm32f1xx_ll_usb.o
                0x080027d4                USB_DeactivateEndpoint
 .text.USB_EPSetStall
                0x080029aa       0x4a build/stm32f1xx_ll_usb.o
                0x080029aa                USB_EPSetStall
 .text.USB_EPClearStall
                0x080029f4       0xa2 build/stm32f1xx_ll_usb.o
                0x080029f4                USB_EPClearStall
 .text.USB_SetDevAddress
                0x08002a96        0xc build/stm32f1xx_ll_usb.o
                0x08002a96                USB_SetDevAddress
 .text.USB_DevConnect
                0x08002aa2        0x4 build/stm32f1xx_ll_usb.o
                0x08002aa2                USB_DevConnect
 .text.USB_DevDisconnect
                0x08002aa6        0x4 build/stm32f1xx_ll_usb.o
                0x08002aa6                USB_DevDisconnect
 .text.USB_ReadInterrupts
                0x08002aaa        0x8 build/stm32f1xx_ll_usb.o
                0x08002aaa                USB_ReadInterrupts
 .text.USB_EP0_OutStart
                0x08002ab2        0x4 build/stm32f1xx_ll_usb.o
                0x08002ab2                USB_EP0_OutStart
 .text.USB_WritePMA
                0x08002ab6       0x26 build/stm32f1xx_ll_usb.o
                0x08002ab6                USB_WritePMA
 .text.USB_EPStartXfer
                0x08002adc      0x7ce build/stm32f1xx_ll_usb.o
                0x08002adc                USB_EPStartXfer
 .text.USB_ReadPMA
                0x080032aa       0x30 build/stm32f1xx_ll_usb.o
                0x080032aa                USB_ReadPMA
 .text.USBD_Init
                0x080032da       0x2e build/usbd_core.o
                0x080032da                USBD_Init
 .text.USBD_RegisterClass
                0x08003308        0xe build/usbd_core.o
                0x08003308                USBD_RegisterClass
 .text.USBD_Start
                0x08003316        0xa build/usbd_core.o
                0x08003316                USBD_Start
 .text.USBD_SetClassConfig
                0x08003320       0x18 build/usbd_core.o
                0x08003320                USBD_SetClassConfig
 .text.USBD_ClrClassConfig
                0x08003338        0xe build/usbd_core.o
                0x08003338                USBD_ClrClassConfig
 .text.USBD_LL_SetupStage
                0x08003346       0x5a build/usbd_core.o
                0x08003346                USBD_LL_SetupStage
 .text.USBD_LL_DataOutStage
                0x080033a0       0x8c build/usbd_core.o
                0x080033a0                USBD_LL_DataOutStage
 .text.USBD_LL_DataInStage
                0x0800342c       0xd0 build/usbd_core.o
                0x0800342c                USBD_LL_DataInStage
 .text.USBD_LL_Reset
                0x080034fc       0x50 build/usbd_core.o
                0x080034fc                USBD_LL_Reset
 .text.USBD_LL_SetSpeed
                0x0800354c        0x6 build/usbd_core.o
                0x0800354c                USBD_LL_SetSpeed
 .text.USBD_LL_Suspend
                0x08003552       0x12 build/usbd_core.o
                0x08003552                USBD_LL_Suspend
 .text.USBD_LL_Resume
                0x08003564       0x16 build/usbd_core.o
                0x08003564                USBD_LL_Resume
 .text.USBD_LL_SOF
                0x0800357a       0x1c build/usbd_core.o
                0x0800357a                USBD_LL_SOF
 .text.USBD_GetLen
                0x08003596       0x14 build/usbd_ctlreq.o
 .text.USBD_SetFeature
                0x080035aa       0x14 build/usbd_ctlreq.o
 .text.USBD_ParseSetupRequest
                0x080035be       0x28 build/usbd_ctlreq.o
                0x080035be                USBD_ParseSetupRequest
 .text.USBD_CtlError
                0x080035e6       0x14 build/usbd_ctlreq.o
                0x080035e6                USBD_CtlError
 .text.USBD_GetDescriptor
                0x080035fa      0x186 build/usbd_ctlreq.o
 .text.USBD_SetAddress
                0x08003780       0x4e build/usbd_ctlreq.o
 *fill*         0x080037ce        0x2 
 .text.USBD_SetConfig
                0x080037d0       0xb0 build/usbd_ctlreq.o
 .text.USBD_GetConfig
                0x08003880       0x3e build/usbd_ctlreq.o
 .text.USBD_GetStatus
                0x080038be       0x38 build/usbd_ctlreq.o
 .text.USBD_ClrFeature
                0x080038f6       0x26 build/usbd_ctlreq.o
 .text.USBD_StdDevReq
                0x0800391c       0x68 build/usbd_ctlreq.o
                0x0800391c                USBD_StdDevReq
 .text.USBD_StdItfReq
                0x08003984       0x60 build/usbd_ctlreq.o
                0x08003984                USBD_StdItfReq
 .text.USBD_StdEPReq
                0x080039e4      0x1e2 build/usbd_ctlreq.o
                0x080039e4                USBD_StdEPReq
 .text.USBD_GetString
                0x08003bc6       0x3a build/usbd_ctlreq.o
                0x08003bc6                USBD_GetString
 .text.USBD_CtlSendData
                0x08003c00       0x1a build/usbd_ioreq.o
                0x08003c00                USBD_CtlSendData
 .text.USBD_CtlContinueSendData
                0x08003c1a       0x10 build/usbd_ioreq.o
                0x08003c1a                USBD_CtlContinueSendData
 .text.USBD_CtlContinueRx
                0x08003c2a       0x10 build/usbd_ioreq.o
                0x08003c2a                USBD_CtlContinueRx
 .text.USBD_CtlSendStatus
                0x08003c3a       0x16 build/usbd_ioreq.o
                0x08003c3a                USBD_CtlSendStatus
 .text.USBD_CtlReceiveStatus
                0x08003c50       0x16 build/usbd_ioreq.o
                0x08003c50                USBD_CtlReceiveStatus
 *fill*         0x08003c66        0x2 
 .text.USBD_HID_GetFSCfgDesc
                0x08003c68        0xc build/usbd_hid.o
 .text.USBD_HID_GetHSCfgDesc
                0x08003c74        0xc build/usbd_hid.o
 .text.USBD_HID_GetOtherSpeedCfgDesc
                0x08003c80        0xc build/usbd_hid.o
 .text.USBD_HID_DataIn
                0x08003c8c        0xa build/usbd_hid.o
 *fill*         0x08003c96        0x2 
 .text.USBD_HID_GetDeviceQualifierDesc
                0x08003c98        0xc build/usbd_hid.o
 .text.USBD_HID_Setup
                0x08003ca4      0x114 build/usbd_hid.o
 .text.USBD_HID_DeInit
                0x08003db8       0x22 build/usbd_hid.o
 .text.USBD_HID_Init
                0x08003dda       0x2a build/usbd_hid.o
 .text.USBD_HID_SendReport
                0x08003e04       0x28 build/usbd_hid.o
                0x08003e04                USBD_HID_SendReport
 .text.Reset_Handler
                0x08003e2c       0x48 build/startup_stm32f103xb.o
                0x08003e2c                Reset_Handler
 .text.Default_Handler
                0x08003e74        0x2 build/startup_stm32f103xb.o
                0x08003e74                RTC_Alarm_IRQHandler
                0x08003e74                EXTI2_IRQHandler
                0x08003e74                TIM1_CC_IRQHandler
                0x08003e74                PVD_IRQHandler
                0x08003e74                EXTI3_IRQHandler
                0x08003e74                EXTI0_IRQHandler
                0x08003e74                I2C2_EV_IRQHandler
                0x08003e74                ADC1_2_IRQHandler
                0x08003e74                SPI1_IRQHandler
                0x08003e74                TAMPER_IRQHandler
                0x08003e74                DMA1_Channel4_IRQHandler
                0x08003e74                USART3_IRQHandler
                0x08003e74                RTC_IRQHandler
                0x08003e74                DMA1_Channel7_IRQHandler
                0x08003e74                CAN1_RX1_IRQHandler
                0x08003e74                TIM4_IRQHandler
                0x08003e74                I2C1_EV_IRQHandler
                0x08003e74                DMA1_Channel6_IRQHandler
                0x08003e74                TIM3_IRQHandler
                0x08003e74                RCC_IRQHandler
                0x08003e74                TIM1_TRG_COM_IRQHandler
                0x08003e74                DMA1_Channel1_IRQHandler
                0x08003e74                Default_Handler
                0x08003e74                EXTI15_10_IRQHandler
                0x08003e74                EXTI9_5_IRQHandler
                0x08003e74                SPI2_IRQHandler
                0x08003e74                DMA1_Channel5_IRQHandler
                0x08003e74                EXTI4_IRQHandler
                0x08003e74                USB_HP_CAN1_TX_IRQHandler
                0x08003e74                DMA1_Channel3_IRQHandler
                0x08003e74                TIM1_UP_IRQHandler
                0x08003e74                WWDG_IRQHandler
                0x08003e74                TIM2_IRQHandler
                0x08003e74                TIM1_BRK_IRQHandler
                0x08003e74                EXTI1_IRQHandler
                0x08003e74                USART2_IRQHandler
                0x08003e74                I2C2_ER_IRQHandler
                0x08003e74                DMA1_Channel2_IRQHandler
                0x08003e74                CAN1_SCE_IRQHandler
                0x08003e74                FLASH_IRQHandler
                0x08003e74                USART1_IRQHandler
                0x08003e74                I2C1_ER_IRQHandler
                0x08003e74                USBWakeUp_IRQHandler
 .text.memset   0x08003e76       0x10 /usr/lib/gcc/arm-none-eabi/13.2.0/../../../../arm-none-eabi/lib/thumb/v7-m/nofp/libc_nano.a(libc_a-memset.o)
                0x08003e76                memset
 *fill*         0x08003e86        0x2 
 .text.__libc_init_array
                0x08003e88       0x48 /usr/lib/gcc/arm-none-eabi/13.2.0/../../../../arm-none-eabi/lib/thumb/v7-m/nofp/libc_nano.a(libc_a-init.o)
                0x08003e88                __libc_init_array
 *(.glue_7)
 .glue_7        0x08003ed0        0x0 linker stubs
 *(.glue_7t)
 .glue_7t       0x08003ed0        0x0 linker stubs
 *(.eh_frame)
 .eh_frame      0x08003ed0        0x0 /usr/lib/gcc/arm-none-eabi/13.2.0/thumb/v7-m/nofp/crtbegin.o
 *(.init)
 .init          0x08003ed0        0x4 /usr/lib/gcc/arm-none-eabi/13.2.0/thumb/v7-m/nofp/crti.o
                0x08003ed0                _init
 .init          0x08003ed4        0x8 /usr/lib/gcc/arm-none-eabi/13.2.0/thumb/v7-m/nofp/crtn.o
 *(.fini)
 .fini          0x08003edc        0x4 /usr/lib/gcc/arm-none-eabi/13.2.0/thumb/v7-m/nofp/crti.o
                0x08003edc                _fini
 .fini          0x08003ee0        0x8 /usr/lib/gcc/arm-none-eabi/13.2.0/thumb/v7-m/nofp/crtn.o
                0x08003ee8                        . = ALIGN (0x4)
                0x08003ee8                        _etext = .

.vfp11_veneer   0x08003ee8        0x0
 .vfp11_veneer  0x08003ee8        0x0 linker stubs

.v4_bx          0x08003ee8        0x0
 .v4_bx         0x08003ee8        0x0 linker stubs

.iplt           0x08003ee8        0x0
 .iplt          0x08003ee8        0x0 /usr/lib/gcc/arm-none-eabi/13.2.0/thumb/v7-m/nofp/crtbegin.o

.rodata         0x08003ee8       0x98
                0x08003ee8                        . = ALIGN (0x4)
 *(.rodata)
 *(.rodata*)
 .rodata.main.str1.4
                0x08003ee8       0x72 build/main.o
                                 0x29 (size before relaxing)
 *fill*         0x08003f5a        0x2 
 .rodata.aPredivFactorTable.0
                0x08003f5c        0x2 build/stm32f1xx_hal_rcc.o
 *fill*         0x08003f5e        0x2 
 .rodata.aPLLMULFactorTable.1
                0x08003f60       0x10 build/stm32f1xx_hal_rcc.o
 .rodata.AHBPrescTable
                0x08003f70       0x10 build/system_stm32f1xx.o
                0x08003f70                AHBPrescTable
 .rodata.USBD_FS_ProductStrDescriptor.str1.4
                0x08003f80       0x16 build/usbd_desc.o
 .rodata.USBD_FS_ManufacturerStrDescriptor.str1.4
                0x08003f80       0x13 build/usbd_desc.o
 .rodata.USBD_FS_ConfigStrDescriptor.str1.4
                0x08003f80        0xb build/usbd_desc.o
 .rodata.USBD_FS_InterfaceStrDescriptor.str1.4
                0x08003f80        0xe build/usbd_desc.o
                0x08003f98                        . = ALIGN (0x4)

.rel.dyn        0x08003f80        0x0
 .rel.iplt      0x08003f80        0x0 /usr/lib/gcc/arm-none-eabi/13.2.0/thumb/v7-m/nofp/crtbegin.o

.ARM.extab
 *(.ARM.extab* .gnu.linkonce.armextab.*)

.ARM            0x08003f80        0x0
                0x08003f80                        __exidx_start = .
 *(.ARM.exidx*)
                0x08003f80                        __exidx_end = .

.preinit_array  0x08003f80        0x0
                0x08003f80                        PROVIDE (__preinit_array_start = .)
 *(.preinit_array*)
                0x08003f80                        PROVIDE (__preinit_array_end = .)

.init_array     0x08003f80        0x4
                0x08003f80                        PROVIDE (__init_array_start = .)
 *(SORT_BY_NAME(.init_array.*))
 *(.init_array*)
 .init_array    0x08003f80        0x4 /usr/lib/gcc/arm-none-eabi/13.2.0/thumb/v7-m/nofp/crtbegin.o
                0x08003f84                        PROVIDE (__init_array_end = .)

.fini_array     0x08003f84        0x4
                0x08003f84                        PROVIDE (__fini_array_start = .)
 *(SORT_BY_NAME(.fini_array.*))
 *(.fini_array*)
 .fini_array    0x08003f84        0x4 /usr/lib/gcc/arm-none-eabi/13.2.0/thumb/v7-m/nofp/crtbegin.o
                0x08003f88                        PROVIDE (__fini_array_end = .)
                0x08003f88                        _sidata = LOADADDR (.data)

.data           0x20000000      0x158 load address 0x08003f88
                0x20000000                        . = ALIGN (0x4)
                0x20000000                        _sdata = .
 *(.data)
 *(.data*)
 .data.uwTickFreq
                0x20000000        0x1 build/stm32f1xx_hal.o
                0x20000000                uwTickFreq
 *fill*         0x20000001        0x3 
 .data.uwTickPrio
                0x20000004        0x4 build/stm32f1xx_hal.o
                0x20000004                uwTickPrio
 .data.SystemCoreClock
                0x20000008        0x4 build/system_stm32f1xx.o
                0x20000008                SystemCoreClock
 .data.USBD_StringSerial
                0x2000000c       0x1a build/usbd_desc.o
                0x2000000c                USBD_StringSerial
 *fill*         0x20000026        0x2 
 .data.USBD_LangIDDesc
                0x20000028        0x4 build/usbd_desc.o
                0x20000028                USBD_LangIDDesc
 .data.USBD_FS_DeviceDesc
                0x2000002c       0x12 build/usbd_desc.o
                0x2000002c                USBD_FS_DeviceDesc
 *fill*         0x2000003e        0x2 
 .data.FS_Desc  0x20000040       0x1c build/usbd_desc.o
                0x20000040                FS_Desc
 .data.HID_MOUSE_ReportDesc
                0x2000005c       0x3f build/usbd_hid.o
 *fill*         0x2000009b        0x1 
 .data.USBD_HID_DeviceQualifierDesc
                0x2000009c        0xa build/usbd_hid.o
 *fill*         0x200000a6        0x2 
 .data.USBD_HID_Desc
                0x200000a8        0x9 build/usbd_hid.o
 *fill*         0x200000b1        0x3 
 .data.USBD_HID_OtherSpeedCfgDesc
                0x200000b4       0x22 build/usbd_hid.o
 *fill*         0x200000d6        0x2 
 .data.USBD_HID_CfgHSDesc
                0x200000d8       0x22 build/usbd_hid.o
 *fill*         0x200000fa        0x2 
 .data.USBD_HID_CfgFSDesc
                0x200000fc       0x22 build/usbd_hid.o
 *fill*         0x2000011e        0x2 
 .data.USBD_HID
                0x20000120       0x38 build/usbd_hid.o
                0x20000120                USBD_HID
                0x20000158                        . = ALIGN (0x4)
                0x20000158                        _edata = .

.igot.plt       0x20000158        0x0 load address 0x080040e0
 .igot.plt      0x20000158        0x0 /usr/lib/gcc/arm-none-eabi/13.2.0/thumb/v7-m/nofp/crtbegin.o
                0x20000158                        . = ALIGN (0x4)

.bss            0x20000158      0x7f4 load address 0x080040e0
                0x20000158                        _sbss = .
                0x20000158                        __bss_start__ = _sbss
 *(.bss)
 *(.bss*)
 .bss.completed.1
                0x20000158        0x1 /usr/lib/gcc/arm-none-eabi/13.2.0/thumb/v7-m/nofp/crtbegin.o
 *fill*         0x20000159        0x3 
 .bss.object.0  0x2000015c       0x18 /usr/lib/gcc/arm-none-eabi/13.2.0/thumb/v7-m/nofp/crtbegin.o
 .bss.HID_buffer
                0x20000174        0x8 build/usb_hid_keyboard.o
 .bss.uwTick    0x2000017c        0x4 build/stm32f1xx_hal.o
                0x2000017c                uwTick
 .bss.hUsbDeviceFS
                0x20000180      0x2c4 build/usb_device.o
                0x20000180                hUsbDeviceFS
 .bss.USBD_StrDesc
                0x20000444      0x200 build/usbd_desc.o
                0x20000444                USBD_StrDesc
 .bss.mem.0     0x20000644       0x14 build/usbd_conf.o
 .bss.hpcd_USB_FS
                0x20000658      0x2f0 build/usbd_conf.o
                0x20000658                hpcd_USB_FS
 .bss.cfgidx.0  0x20000948        0x1 build/usbd_ctlreq.o
 *(COMMON)
                0x2000094c                        . = ALIGN (0x4)
 *fill*         0x20000949        0x3 
                0x2000094c                        _ebss = .
                0x2000094c                        __bss_end__ = _ebss

._user_heap_stack
                0x2000094c      0x604 load address 0x080040e0
                0x20000950                        . = ALIGN (0x8)
 *fill*         0x2000094c        0x4 
                0x20000950                        PROVIDE (end = .)
                [!provide]                        PROVIDE (_end = .)
                0x20000b50                        . = (. + _Min_Heap_Size)
 *fill*         0x20000950      0x200 
                0x20000f50                        . = (. + _Min_Stack_Size)
 *fill*         0x20000b50      0x400 
                0x20000f50                        . = ALIGN (0x8)

/DISCARD/
 libc.a(*)
 libm.a(*)
 libgcc.a(*)

.ARM.attributes
                0x00000000       0x29
 *(.ARM.attributes)
 .ARM.attributes
                0x00000000       0x1d /usr/lib/gcc/arm-none-eabi/13.2.0/thumb/v7-m/nofp/crti.o
 .ARM.attributes
                0x0000001d       0x2d /usr/lib/gcc/arm-none-eabi/13.2.0/thumb/v7-m/nofp/crtbegin.o
 .ARM.attributes
                0x0000004a       0x2d build/main.o
 .ARM.attributes
                0x00000077       0x2d build/stm32f1xx_it.o
 .ARM.attributes
                0x000000a4       0x2d build/stm32f1xx_hal_msp.o
 .ARM.attributes
                0x000000d1       0x2d build/usb_hid_keyboard.o
 .ARM.attributes
                0x000000fe       0x2d build/stm32f1xx_hal.o
 .ARM.attributes
                0x0000012b       0x2d build/stm32f1xx_hal_rcc.o
 .ARM.attributes
                0x00000158       0x2d build/stm32f1xx_hal_rcc_ex.o
 .ARM.attributes
                0x00000185       0x2d build/stm32f1xx_hal_gpio.o
 .ARM.attributes
                0x000001b2       0x2d build/stm32f1xx_hal_cortex.o
 .ARM.attributes
                0x000001df       0x2d build/system_stm32f1xx.o
 .ARM.attributes
                0x0000020c       0x2d build/usb_device.o
 .ARM.attributes
                0x00000239       0x2d build/usbd_desc.o
 .ARM.attributes
                0x00000266       0x2d build/usbd_conf.o
 .ARM.attributes
                0x00000293       0x2d build/stm32f1xx_hal_pcd.o
 .ARM.attributes
                0x000002c0       0x2d build/stm32f1xx_hal_pcd_ex.o
 .ARM.attributes
                0x000002ed       0x2d build/stm32f1xx_ll_usb.o
 .ARM.attributes
                0x0000031a       0x2d build/usbd_core.o
 .ARM.attributes
                0x00000347       0x2d build/usbd_ctlreq.o
 .ARM.attributes
                0x00000374       0x2d build/usbd_ioreq.o
 .ARM.attributes
                0x000003a1       0x2d build/usbd_hid.o
 .ARM.attributes
                0x000003ce       0x21 build/startup_stm32f103xb.o
 .ARM.attributes
                0x000003ef       0x2d /usr/lib/gcc/arm-none-eabi/13.2.0/../../../../arm-none-eabi/lib/thumb/v7-m/nofp/libc_nano.a(libc_a-memset.o)
 .ARM.attributes
                0x0000041c       0x2d /usr/lib/gcc/arm-none-eabi/13.2.0/../../../../arm-none-eabi/lib/thumb/v7-m/nofp/libc_nano.a(libc_a-init.o)
 .ARM.attributes
                0x00000449       0x1d /usr/lib/gcc/arm-none-eabi/13.2.0/thumb/v7-m/nofp/crtn.o
OUTPUT(build/stm32_firmware.elf elf32-littlearm)
LOAD linker stubs
LOAD /usr/lib/gcc/arm-none-eabi/13.2.0/../../../../arm-none-eabi/lib/thumb/v7-m/nofp/libc.a
LOAD /usr/lib/gcc/arm-none-eabi/13.2.0/../../../../arm-none-eabi/lib/thumb/v7-m/nofp/libm.a
LOAD /usr/lib/gcc/arm-none-eabi/13.2.0/thumb/v7-m/nofp/libgcc.a

.debug_info     0x00000000     0xf30d
 .debug_info    0x00000000      0x91c build/main.o
 .debug_info    0x0000091c      0x71d build/stm32f1xx_it.o
 .debug_info    0x00001039      0x238 build/stm32f1xx_hal_msp.o
 .debug_info    0x00001271      0x6e0 build/usb_hid_keyboard.o
 .debug_info    0x00001951      0x880 build/stm32f1xx_hal.o
 .debug_info    0x000021d1      0xb10 build/stm32f1xx_hal_rcc.o
 .debug_info    0x00002ce1      0x47d build/stm32f1xx_hal_rcc_ex.o
 .debug_info    0x0000315e      0x6d7 build/stm32f1xx_hal_gpio.o
 .debug_info    0x00003835      0xe3f build/stm32f1xx_hal_cortex.o
 .debug_info    0x00004674      0x26e build/system_stm32f1xx.o
 .debug_info    0x000048e2      0x685 build/usb_device.o
 .debug_info    0x00004f67      0x654 build/usbd_desc.o
 .debug_info    0x000055bb     0x2004 build/usbd_conf.o
 .debug_info    0x000075bf     0x1f83 build/stm32f1xx_hal_pcd.o
 .debug_info    0x00009542      0x7b9 build/stm32f1xx_hal_pcd_ex.o
 .debug_info    0x00009cfb     0x1d27 build/stm32f1xx_ll_usb.o
 .debug_info    0x0000ba22      0xf97 build/usbd_core.o
 .debug_info    0x0000c9b9     0x1203 build/usbd_ctlreq.o
 .debug_info    0x0000dbbc      0x946 build/usbd_ioreq.o
 .debug_info    0x0000e502      0xbf0 build/usbd_hid.o
 .debug_info    0x0000f0f2       0x30 build/startup_stm32f103xb.o
 .debug_info    0x0000f122       0xe0 /usr/lib/gcc/arm-none-eabi/13.2.0/../../../../arm-none-eabi/lib/thumb/v7-m/nofp/libc_nano.a(libc_a-memset.o)
 .debug_info    0x0000f202      0x10b /usr/lib/gcc/arm-none-eabi/13.2.0/../../../../arm-none-eabi/lib/thumb/v7-m/nofp/libc_nano.a(libc_a-init.o)

.debug_abbrev   0x00000000     0x2e01
 .debug_abbrev  0x00000000      0x264 build/main.o
 .debug_abbrev  0x00000264      0x183 build/stm32f1xx_it.o
 .debug_abbrev  0x000003e7       0xe7 build/stm32f1xx_hal_msp.o
 .debug_abbrev  0x000004ce      0x1e3 build/usb_hid_keyboard.o
 .debug_abbrev  0x000006b1      0x232 build/stm32f1xx_hal.o
 .debug_abbrev  0x000008e3      0x2d6 build/stm32f1xx_hal_rcc.o
 .debug_abbrev  0x00000bb9      0x1d4 build/stm32f1xx_hal_rcc_ex.o
 .debug_abbrev  0x00000d8d      0x222 build/stm32f1xx_hal_gpio.o
 .debug_abbrev  0x00000faf      0x3aa build/stm32f1xx_hal_cortex.o
 .debug_abbrev  0x00001359      0x140 build/system_stm32f1xx.o
 .debug_abbrev  0x00001499      0x18c build/usb_device.o
 .debug_abbrev  0x00001625      0x23c build/usbd_desc.o
 .debug_abbrev  0x00001861      0x33e build/usbd_conf.o
 .debug_abbrev  0x00001b9f      0x32d build/stm32f1xx_hal_pcd.o
 .debug_abbrev  0x00001ecc      0x184 build/stm32f1xx_hal_pcd_ex.o
 .debug_abbrev  0x00002050      0x262 build/stm32f1xx_ll_usb.o
 .debug_abbrev  0x000022b2      0x2ae build/usbd_core.o
 .debug_abbrev  0x00002560      0x2ec build/usbd_ctlreq.o
 .debug_abbrev  0x0000284c      0x18e build/usbd_ioreq.o
 .debug_abbrev  0x000029da      0x2a3 build/usbd_hid.o
 .debug_abbrev  0x00002c7d       0x1d build/startup_stm32f103xb.o
 .debug_abbrev  0x00002c9a       0x9e /usr/lib/gcc/arm-none-eabi/13.2.0/../../../../arm-none-eabi/lib/thumb/v7-m/nofp/libc_nano.a(libc_a-memset.o)
 .debug_abbrev  0x00002d38       0xc9 /usr/lib/gcc/arm-none-eabi/13.2.0/../../../../arm-none-eabi/lib/thumb/v7-m/nofp/libc_nano.a(libc_a-init.o)

.debug_loc      0x00000000     0x9daf
 .debug_loc     0x00000000      0x147 build/main.o
 .debug_loc     0x00000147       0x40 build/stm32f1xx_it.o
 .debug_loc     0x00000187       0x41 build/stm32f1xx_hal_msp.o
 .debug_loc     0x000001c8      0x174 build/usb_hid_keyboard.o
 .debug_loc     0x0000033c      0x1f9 build/stm32f1xx_hal.o
 .debug_loc     0x00000535      0x7c6 build/stm32f1xx_hal_rcc.o
 .debug_loc     0x00000cfb      0x4a9 build/stm32f1xx_hal_rcc_ex.o
 .debug_loc     0x000011a4      0x56c build/stm32f1xx_hal_gpio.o
 .debug_loc     0x00001710      0x8b4 build/stm32f1xx_hal_cortex.o
 .debug_loc     0x00001fc4      0x11b build/system_stm32f1xx.o
 .debug_loc     0x000020df       0x20 build/usb_device.o
 .debug_loc     0x000020ff      0x4e7 build/usbd_desc.o
 .debug_loc     0x000025e6     0x105a build/usbd_conf.o
 .debug_loc     0x00003640     0x1aa3 build/stm32f1xx_hal_pcd.o
 .debug_loc     0x000050e3      0x15a build/stm32f1xx_hal_pcd_ex.o
 .debug_loc     0x0000523d     0x1b49 build/stm32f1xx_ll_usb.o
 .debug_loc     0x00006d86      0xbaa build/usbd_core.o
 .debug_loc     0x00007930     0x17db build/usbd_ctlreq.o
 .debug_loc     0x0000910b      0x3f8 build/usbd_ioreq.o
 .debug_loc     0x00009503      0x8ac build/usbd_hid.o

.debug_aranges  0x00000000      0xa30
 .debug_aranges
                0x00000000       0x38 build/main.o
 .debug_aranges
                0x00000038       0x68 build/stm32f1xx_it.o
 .debug_aranges
                0x000000a0       0x20 build/stm32f1xx_hal_msp.o
 .debug_aranges
                0x000000c0       0x28 build/usb_hid_keyboard.o
 .debug_aranges
                0x000000e8       0xe0 build/stm32f1xx_hal.o
 .debug_aranges
                0x000001c8       0x90 build/stm32f1xx_hal_rcc.o
 .debug_aranges
                0x00000258       0x30 build/stm32f1xx_hal_rcc_ex.o
 .debug_aranges
                0x00000288       0x58 build/stm32f1xx_hal_gpio.o
 .debug_aranges
                0x000002e0       0xc0 build/stm32f1xx_hal_cortex.o
 .debug_aranges
                0x000003a0       0x28 build/system_stm32f1xx.o
 .debug_aranges
                0x000003c8       0x20 build/usb_device.o
 .debug_aranges
                0x000003e8       0x60 build/usbd_desc.o
 .debug_aranges
                0x00000448      0x118 build/usbd_conf.o
 .debug_aranges
                0x00000560      0x140 build/stm32f1xx_hal_pcd.o
 .debug_aranges
                0x000006a0       0x38 build/stm32f1xx_hal_pcd_ex.o
 .debug_aranges
                0x000006d8       0xf8 build/stm32f1xx_ll_usb.o
 .debug_aranges
                0x000007d0       0xb8 build/usbd_core.o
 .debug_aranges
                0x00000888       0x88 build/usbd_ctlreq.o
 .debug_aranges
                0x00000910       0x50 build/usbd_ioreq.o
 .debug_aranges
                0x00000960       0x68 build/usbd_hid.o
 .debug_aranges
                0x000009c8       0x28 build/startup_stm32f103xb.o
 .debug_aranges
                0x000009f0       0x20 /usr/lib/gcc/arm-none-eabi/13.2.0/../../../../arm-none-eabi/lib/thumb/v7-m/nofp/libc_nano.a(libc_a-memset.o)
 .debug_aranges
                0x00000a10       0x20 /usr/lib/gcc/arm-none-eabi/13.2.0/../../../../arm-none-eabi/lib/thumb/v7-m/nofp/libc_nano.a(libc_a-init.o)

.debug_ranges   0x00000000      0xc28
 .debug_ranges  0x00000000       0x28 build/main.o
 .debug_ranges  0x00000028       0x58 build/stm32f1xx_it.o
 .debug_ranges  0x00000080       0x10 build/stm32f1xx_hal_msp.o
 .debug_ranges  0x00000090       0x18 build/usb_hid_keyboard.o
 .debug_ranges  0x000000a8       0xd0 build/stm32f1xx_hal.o
 .debug_ranges  0x00000178       0xa0 build/stm32f1xx_hal_rcc.o
 .debug_ranges  0x00000218       0x38 build/stm32f1xx_hal_rcc_ex.o
 .debug_ranges  0x00000250       0x48 build/stm32f1xx_hal_gpio.o
 .debug_ranges  0x00000298       0xb0 build/stm32f1xx_hal_cortex.o
 .debug_ranges  0x00000348       0x18 build/system_stm32f1xx.o
 .debug_ranges  0x00000360       0x10 build/usb_device.o
 .debug_ranges  0x00000370       0x50 build/usbd_desc.o
 .debug_ranges  0x000003c0      0x108 build/usbd_conf.o
 .debug_ranges  0x000004c8      0x240 build/stm32f1xx_hal_pcd.o
 .debug_ranges  0x00000708       0x28 build/stm32f1xx_hal_pcd_ex.o
 .debug_ranges  0x00000730      0x320 build/stm32f1xx_ll_usb.o
 .debug_ranges  0x00000a50       0xa8 build/usbd_core.o
 .debug_ranges  0x00000af8       0x78 build/usbd_ctlreq.o
 .debug_ranges  0x00000b70       0x40 build/usbd_ioreq.o
 .debug_ranges  0x00000bb0       0x58 build/usbd_hid.o
 .debug_ranges  0x00000c08       0x20 build/startup_stm32f103xb.o

.debug_line     0x00000000     0x8414
 .debug_line    0x00000000      0x4b7 build/main.o
 .debug_line    0x000004b7      0x236 build/stm32f1xx_it.o
 .debug_line    0x000006ed      0x105 build/stm32f1xx_hal_msp.o
 .debug_line    0x000007f2      0x297 build/usb_hid_keyboard.o
 .debug_line    0x00000a89      0x4b6 build/stm32f1xx_hal.o
 .debug_line    0x00000f3f      0xc32 build/stm32f1xx_hal_rcc.o
 .debug_line    0x00001b71      0x432 build/stm32f1xx_hal_rcc_ex.o
 .debug_line    0x00001fa3      0x558 build/stm32f1xx_hal_gpio.o
 .debug_line    0x000024fb      0x62f build/stm32f1xx_hal_cortex.o
 .debug_line    0x00002b2a      0x1cd build/system_stm32f1xx.o
 .debug_line    0x00002cf7      0x19f build/usb_device.o
 .debug_line    0x00002e96      0x2dc build/usbd_desc.o
 .debug_line    0x00003172      0x743 build/usbd_conf.o
 .debug_line    0x000038b5     0x17ac build/stm32f1xx_hal_pcd.o
 .debug_line    0x00005061      0x21b build/stm32f1xx_hal_pcd_ex.o
 .debug_line    0x0000527c     0x16fe build/stm32f1xx_ll_usb.o
 .debug_line    0x0000697a      0x6a1 build/usbd_core.o
 .debug_line    0x0000701b      0xa5a build/usbd_ctlreq.o
 .debug_line    0x00007a75      0x22c build/usbd_ioreq.o
 .debug_line    0x00007ca1      0x4b5 build/usbd_hid.o
 .debug_line    0x00008156       0x71 build/startup_stm32f103xb.o
 .debug_line    0x000081c7      0x123 /usr/lib/gcc/arm-none-eabi/13.2.0/../../../../arm-none-eabi/lib/thumb/v7-m/nofp/libc_nano.a(libc_a-memset.o)
 .debug_line    0x000082ea      0x12a /usr/lib/gcc/arm-none-eabi/13.2.0/../../../../arm-none-eabi/lib/thumb/v7-m/nofp/libc_nano.a(libc_a-init.o)

.debug_str      0x00000000     0x2d44
 .debug_str     0x00000000     0x2d44 build/main.o
                                0x50f (size before relaxing)
 .debug_str     0x00002d44      0x5b2 build/stm32f1xx_it.o
 .debug_str     0x00002d44      0x1f0 build/stm32f1xx_hal_msp.o
 .debug_str     0x00002d44      0x5b8 build/usb_hid_keyboard.o
 .debug_str     0x00002d44      0x7ff build/stm32f1xx_hal.o
 .debug_str     0x00002d44      0x5fc build/stm32f1xx_hal_rcc.o
 .debug_str     0x00002d44      0x3a4 build/stm32f1xx_hal_rcc_ex.o
 .debug_str     0x00002d44      0x3d1 build/stm32f1xx_hal_gpio.o
 .debug_str     0x00002d44      0x8a4 build/stm32f1xx_hal_cortex.o
 .debug_str     0x00002d44      0x225 build/system_stm32f1xx.o
 .debug_str     0x00002d44      0x5b6 build/usb_device.o
 .debug_str     0x00002d44      0x422 build/usbd_desc.o
 .debug_str     0x00002d44     0x1177 build/usbd_conf.o
 .debug_str     0x00002d44      0xae9 build/stm32f1xx_hal_pcd.o
 .debug_str     0x00002d44      0x699 build/stm32f1xx_hal_pcd_ex.o
 .debug_str     0x00002d44      0x6eb build/stm32f1xx_ll_usb.o
 .debug_str     0x00002d44      0x802 build/usbd_core.o
 .debug_str     0x00002d44      0x71c build/usbd_ctlreq.o
 .debug_str     0x00002d44      0x649 build/usbd_ioreq.o
 .debug_str     0x00002d44      0x7ed build/usbd_hid.o
 .debug_str     0x00002d44       0x63 build/startup_stm32f103xb.o
 .debug_str     0x00002d44      0x1b7 /usr/lib/gcc/arm-none-eabi/13.2.0/../../../../arm-none-eabi/lib/thumb/v7-m/nofp/libc_nano.a(libc_a-memset.o)
 .debug_str     0x00002d44      0x218 /usr/lib/gcc/arm-none-eabi/13.2.0/../../../../arm-none-eabi/lib/thumb/v7-m/nofp/libc_nano.a(libc_a-init.o)

.comment        0x00000000       0x3c
 .comment       0x00000000       0x3c build/main.o
                                 0x1f (size before relaxing)
 .comment       0x0000003c       0x1f build/stm32f1xx_it.o
 .comment       0x0000003c       0x1f build/stm32f1xx_hal_msp.o
 .comment       0x0000003c       0x1f build/usb_hid_keyboard.o
 .comment       0x0000003c       0x1f build/stm32f1xx_hal.o
 .comment       0x0000003c       0x1f build/stm32f1xx_hal_rcc.o
 .comment       0x0000003c       0x1f build/stm32f1xx_hal_rcc_ex.o
 .comment       0x0000003c       0x1f build/stm32f1xx_hal_gpio.o
 .comment       0x0000003c       0x1f build/stm32f1xx_hal_cortex.o
 .comment       0x0000003c       0x1f build/system_stm32f1xx.o
 .comment       0x0000003c       0x1f build/usb_device.o
 .comment       0x0000003c       0x1f build/usbd_desc.o
 .comment       0x0000003c       0x1f build/usbd_conf.o
 .comment       0x0000003c       0x1f build/stm32f1xx_hal_pcd.o
 .comment       0x0000003c       0x1f build/stm32f1xx_hal_pcd_ex.o
 .comment       0x0000003c       0x1f build/stm32f1xx_ll_usb.o
 .comment       0x0000003c       0x1f build/usbd_core.o
 .comment       0x0000003c       0x1f build/usbd_ctlreq.o
 .comment       0x0000003c       0x1f build/usbd_ioreq.o
 .comment       0x0000003c       0x1f build/usbd_hid.o
 .comment       0x0000003c       0x1f /usr/lib/gcc/arm-none-eabi/13.2.0/../../../../arm-none-eabi/lib/thumb/v7-m/nofp/libc_nano.a(libc_a-memset.o)
 .comment       0x0000003c       0x1f /usr/lib/gcc/arm-none-eabi/13.2.0/../../../../arm-none-eabi/lib/thumb/v7-m/nofp/libc_nano.a(libc_a-init.o)

.debug_frame    0x00000000     0x16c4
 .debug_frame   0x00000000       0x7c build/main.o
 .debug_frame   0x0000007c       0xc0 build/stm32f1xx_it.o
 .debug_frame   0x0000013c       0x28 build/stm32f1xx_hal_msp.o
 .debug_frame   0x00000164       0x44 build/usb_hid_keyboard.o
 .debug_frame   0x000001a8      0x1cc build/stm32f1xx_hal.o
 .debug_frame   0x00000374      0x184 build/stm32f1xx_hal_rcc.o
 .debug_frame   0x000004f8       0x5c build/stm32f1xx_hal_rcc_ex.o
 .debug_frame   0x00000554       0xe4 build/stm32f1xx_hal_gpio.o
 .debug_frame   0x00000638      0x19c build/stm32f1xx_hal_cortex.o
 .debug_frame   0x000007d4       0x30 build/system_stm32f1xx.o
 .debug_frame   0x00000804       0x28 build/usb_device.o
 .debug_frame   0x0000082c       0xe0 build/usbd_desc.o
 .debug_frame   0x0000090c      0x2ec build/usbd_conf.o
 .debug_frame   0x00000bf8      0x360 build/stm32f1xx_hal_pcd.o
 .debug_frame   0x00000f58       0x50 build/stm32f1xx_hal_pcd_ex.o
 .debug_frame   0x00000fa8      0x200 build/stm32f1xx_ll_usb.o
 .debug_frame   0x000011a8      0x1c4 build/usbd_core.o
 .debug_frame   0x0000136c      0x178 build/usbd_ctlreq.o
 .debug_frame   0x000014e4       0xb8 build/usbd_ioreq.o
 .debug_frame   0x0000159c       0xdc build/usbd_hid.o
 .debug_frame   0x00001678       0x20 /usr/lib/gcc/arm-none-eabi/13.2.0/../../../../arm-none-eabi/lib/thumb/v7-m/nofp/libc_nano.a(libc_a-memset.o)
 .debug_frame   0x00001698       0x2c /usr/lib/gcc/arm-none-eabi/13.2.0/../../../../arm-none-eabi/lib/thumb/v7-m/nofp/libc_nano.a(libc_a-init.o)

.debug_loclists
                0x00000000       0x6f
 .debug_loclists
                0x00000000       0x3b /usr/lib/gcc/arm-none-eabi/13.2.0/../../../../arm-none-eabi/lib/thumb/v7-m/nofp/libc_nano.a(libc_a-memset.o)
 .debug_loclists
                0x0000003b       0x34 /usr/lib/gcc/arm-none-eabi/13.2.0/../../../../arm-none-eabi/lib/thumb/v7-m/nofp/libc_nano.a(libc_a-init.o)

.debug_rnglists
                0x00000000       0x26
 .debug_rnglists
                0x00000000       0x13 /usr/lib/gcc/arm-none-eabi/13.2.0/../../../../arm-none-eabi/lib/thumb/v7-m/nofp/libc_nano.a(libc_a-memset.o)
 .debug_rnglists
                0x00000013       0x13 /usr/lib/gcc/arm-none-eabi/13.2.0/../../../../arm-none-eabi/lib/thumb/v7-m/nofp/libc_nano.a(libc_a-init.o)

Cross Reference Table

Symbol                                            File
ADC1_2_IRQHandler                                 build/startup_stm32f103xb.o
AHBPrescTable                                     build/system_stm32f1xx.o
                                                  build/stm32f1xx_hal_rcc.o
APBPrescTable                                     build/system_stm32f1xx.o
                                                  build/stm32f1xx_hal_rcc.o
BusFault_Handler                                  build/stm32f1xx_it.o
CAN1_RX1_IRQHandler                               build/startup_stm32f103xb.o
CAN1_SCE_IRQHandler                               build/startup_stm32f103xb.o
DMA1_Channel1_IRQHandler                          build/startup_stm32f103xb.o
DMA1_Channel2_IRQHandler                          build/startup_stm32f103xb.o
DMA1_Channel3_IRQHandler                          build/startup_stm32f103xb.o
DMA1_Channel4_IRQHandler                          build/startup_stm32f103xb.o
DMA1_Channel5_IRQHandler                          build/startup_stm32f103xb.o
DMA1_Channel6_IRQHandler                          build/startup_stm32f103xb.o
DMA1_Channel7_IRQHandler                          build/startup_stm32f103xb.o
DebugMon_Handler                                  build/stm32f1xx_it.o
Default_Handler                                   build/startup_stm32f103xb.o
EXTI0_IRQHandler                                  build/startup_stm32f103xb.o
EXTI15_10_IRQHandler                              build/startup_stm32f103xb.o
EXTI1_IRQHandler                                  build/startup_stm32f103xb.o
EXTI2_IRQHandler                                  build/startup_stm32f103xb.o
EXTI3_IRQHandler                                  build/startup_stm32f103xb.o
EXTI4_IRQHandler                                  build/startup_stm32f103xb.o
EXTI9_5_IRQHandler                                build/startup_stm32f103xb.o
Error_Handler                                     build/main.o
                                                  build/usbd_conf.o
                                                  build/usb_device.o
                                                  build/usb_hid_keyboard.o
FLASH_IRQHandler                                  build/startup_stm32f103xb.o
FLASH_PageErase                                   build/stm32f1xx_hal_flash_ex.o
                                                  build/stm32f1xx_hal_flash.o
FLASH_WaitForLastOperation                        build/stm32f1xx_hal_flash.o
                                                  build/stm32f1xx_hal_flash_ex.o
FS_Desc                                           build/usbd_desc.o
                                                  build/usb_device.o
HAL_DBGMCU_DisableDBGSleepMode                    build/stm32f1xx_hal.o
HAL_DBGMCU_DisableDBGStandbyMode                  build/stm32f1xx_hal.o
HAL_DBGMCU_DisableDBGStopMode                     build/stm32f1xx_hal.o
HAL_DBGMCU_EnableDBGSleepMode                     build/stm32f1xx_hal.o
HAL_DBGMCU_EnableDBGStandbyMode                   build/stm32f1xx_hal.o
HAL_DBGMCU_EnableDBGStopMode                      build/stm32f1xx_hal.o
HAL_DMA_Abort                                     build/stm32f1xx_hal_dma.o
HAL_DMA_Abort_IT                                  build/stm32f1xx_hal_dma.o
HAL_DMA_DeInit                                    build/stm32f1xx_hal_dma.o
HAL_DMA_GetError                                  build/stm32f1xx_hal_dma.o
HAL_DMA_GetState                                  build/stm32f1xx_hal_dma.o
HAL_DMA_IRQHandler                                build/stm32f1xx_hal_dma.o
HAL_DMA_Init                                      build/stm32f1xx_hal_dma.o
HAL_DMA_PollForTransfer                           build/stm32f1xx_hal_dma.o
HAL_DMA_RegisterCallback                          build/stm32f1xx_hal_dma.o
HAL_DMA_Start                                     build/stm32f1xx_hal_dma.o
HAL_DMA_Start_IT                                  build/stm32f1xx_hal_dma.o
HAL_DMA_UnRegisterCallback                        build/stm32f1xx_hal_dma.o
HAL_DeInit                                        build/stm32f1xx_hal.o
HAL_Delay                                         build/stm32f1xx_hal.o
                                                  build/usbd_conf.o
                                                  build/usb_hid_keyboard.o
HAL_EXTI_ClearConfigLine                          build/stm32f1xx_hal_exti.o
HAL_EXTI_ClearPending                             build/stm32f1xx_hal_exti.o
HAL_EXTI_GenerateSWI                              build/stm32f1xx_hal_exti.o
HAL_EXTI_GetConfigLine                            build/stm32f1xx_hal_exti.o
HAL_EXTI_GetHandle                                build/stm32f1xx_hal_exti.o
HAL_EXTI_GetPending                               build/stm32f1xx_hal_exti.o
HAL_EXTI_IRQHandler                               build/stm32f1xx_hal_exti.o
HAL_EXTI_RegisterCallback                         build/stm32f1xx_hal_exti.o
HAL_EXTI_SetConfigLine                            build/stm32f1xx_hal_exti.o
HAL_FLASHEx_Erase                                 build/stm32f1xx_hal_flash_ex.o
HAL_FLASHEx_Erase_IT                              build/stm32f1xx_hal_flash_ex.o
HAL_FLASHEx_OBErase                               build/stm32f1xx_hal_flash_ex.o
HAL_FLASHEx_OBGetConfig                           build/stm32f1xx_hal_flash_ex.o
HAL_FLASHEx_OBGetUserData                         build/stm32f1xx_hal_flash_ex.o
HAL_FLASHEx_OBProgram                             build/stm32f1xx_hal_flash_ex.o
HAL_FLASH_EndOfOperationCallback                  build/stm32f1xx_hal_flash.o
HAL_FLASH_GetError                                build/stm32f1xx_hal_flash.o
HAL_FLASH_IRQHandler                              build/stm32f1xx_hal_flash.o
HAL_FLASH_Lock                                    build/stm32f1xx_hal_flash.o
HAL_FLASH_OB_Launch                               build/stm32f1xx_hal_flash.o
HAL_FLASH_OB_Lock                                 build/stm32f1xx_hal_flash.o
HAL_FLASH_OB_Unlock                               build/stm32f1xx_hal_flash.o
HAL_FLASH_OperationErrorCallback                  build/stm32f1xx_hal_flash.o
HAL_FLASH_Program                                 build/stm32f1xx_hal_flash.o
HAL_FLASH_Program_IT                              build/stm32f1xx_hal_flash.o
HAL_FLASH_Unlock                                  build/stm32f1xx_hal_flash.o
HAL_GPIOEx_ConfigEventout                         build/stm32f1xx_hal_gpio_ex.o
HAL_GPIOEx_DisableEventout                        build/stm32f1xx_hal_gpio_ex.o
HAL_GPIOEx_EnableEventout                         build/stm32f1xx_hal_gpio_ex.o
HAL_GPIO_DeInit                                   build/stm32f1xx_hal_gpio.o
HAL_GPIO_EXTI_Callback                            build/stm32f1xx_hal_gpio.o
HAL_GPIO_EXTI_IRQHandler                          build/stm32f1xx_hal_gpio.o
HAL_GPIO_Init                                     build/stm32f1xx_hal_gpio.o
                                                  build/stm32f1xx_hal_rcc.o
                                                  build/main.o
HAL_GPIO_LockPin                                  build/stm32f1xx_hal_gpio.o
HAL_GPIO_ReadPin                                  build/stm32f1xx_hal_gpio.o
                                                  build/main.o
HAL_GPIO_TogglePin                                build/stm32f1xx_hal_gpio.o
HAL_GPIO_WritePin                                 build/stm32f1xx_hal_gpio.o
                                                  build/main.o
HAL_GetDEVID                                      build/stm32f1xx_hal.o
HAL_GetHalVersion                                 build/stm32f1xx_hal.o
HAL_GetREVID                                      build/stm32f1xx_hal.o
HAL_GetTick                                       build/stm32f1xx_hal.o
                                                  build/stm32f1xx_hal_flash.o
                                                  build/stm32f1xx_hal_dma.o
                                                  build/stm32f1xx_hal_rcc_ex.o
                                                  build/stm32f1xx_hal_rcc.o
HAL_GetTickFreq                                   build/stm32f1xx_hal.o
HAL_GetTickPrio                                   build/stm32f1xx_hal.o
HAL_GetUIDw0                                      build/stm32f1xx_hal.o
HAL_GetUIDw1                                      build/stm32f1xx_hal.o
HAL_GetUIDw2                                      build/stm32f1xx_hal.o
HAL_IncTick                                       build/stm32f1xx_hal.o
                                                  build/stm32f1xx_it.o
HAL_Init                                          build/stm32f1xx_hal.o
                                                  build/main.o
HAL_InitTick                                      build/stm32f1xx_hal.o
                                                  build/stm32f1xx_hal_rcc.o
HAL_MspDeInit                                     build/stm32f1xx_hal.o
HAL_MspInit                                       build/stm32f1xx_hal_msp.o
HAL_NVIC_ClearPendingIRQ                          build/stm32f1xx_hal_cortex.o
HAL_NVIC_DisableIRQ                               build/stm32f1xx_hal_cortex.o
                                                  build/usbd_conf.o
HAL_NVIC_EnableIRQ                                build/stm32f1xx_hal_cortex.o
                                                  build/usbd_conf.o
HAL_NVIC_GetActive                                build/stm32f1xx_hal_cortex.o
HAL_NVIC_GetPendingIRQ                            build/stm32f1xx_hal_cortex.o
HAL_NVIC_GetPriority                              build/stm32f1xx_hal_cortex.o
HAL_NVIC_GetPriorityGrouping                      build/stm32f1xx_hal_cortex.o
HAL_NVIC_SetPendingIRQ                            build/stm32f1xx_hal_cortex.o
HAL_NVIC_SetPriority                              build/stm32f1xx_hal_cortex.o
                                                  build/usbd_conf.o
                                                  build/stm32f1xx_hal.o
HAL_NVIC_SetPriorityGrouping                      build/stm32f1xx_hal_cortex.o
                                                  build/stm32f1xx_hal.o
HAL_NVIC_SystemReset                              build/stm32f1xx_hal_cortex.o
                                                  build/stm32f1xx_hal_flash.o
HAL_PCDEx_BCD_Callback                            build/stm32f1xx_hal_pcd_ex.o
HAL_PCDEx_LPM_Callback                            build/stm32f1xx_hal_pcd_ex.o
HAL_PCDEx_PMAConfig                               build/stm32f1xx_hal_pcd_ex.o
                                                  build/usbd_conf.o
HAL_PCDEx_SetConnectionState                      build/usbd_conf.o
                                                  build/stm32f1xx_hal_pcd.o
HAL_PCD_ActivateRemoteWakeup                      build/stm32f1xx_hal_pcd.o
HAL_PCD_ConnectCallback                           build/usbd_conf.o
HAL_PCD_DataInStageCallback                       build/usbd_conf.o
HAL_PCD_DataOutStageCallback                      build/usbd_conf.o
HAL_PCD_DeActivateRemoteWakeup                    build/stm32f1xx_hal_pcd.o
HAL_PCD_DeInit                                    build/stm32f1xx_hal_pcd.o
                                                  build/usbd_conf.o
HAL_PCD_DevConnect                                build/stm32f1xx_hal_pcd.o
HAL_PCD_DevDisconnect                             build/stm32f1xx_hal_pcd.o
HAL_PCD_DisconnectCallback                        build/usbd_conf.o
HAL_PCD_EP_Abort                                  build/stm32f1xx_hal_pcd.o
HAL_PCD_EP_Close                                  build/stm32f1xx_hal_pcd.o
                                                  build/usbd_conf.o
HAL_PCD_EP_ClrStall                               build/stm32f1xx_hal_pcd.o
                                                  build/usbd_conf.o
HAL_PCD_EP_Flush                                  build/stm32f1xx_hal_pcd.o
                                                  build/usbd_conf.o
HAL_PCD_EP_GetRxCount                             build/stm32f1xx_hal_pcd.o
                                                  build/usbd_conf.o
HAL_PCD_EP_Open                                   build/stm32f1xx_hal_pcd.o
                                                  build/usbd_conf.o
HAL_PCD_EP_Receive                                build/stm32f1xx_hal_pcd.o
                                                  build/usbd_conf.o
HAL_PCD_EP_SetStall                               build/stm32f1xx_hal_pcd.o
                                                  build/usbd_conf.o
HAL_PCD_EP_Transmit                               build/stm32f1xx_hal_pcd.o
                                                  build/usbd_conf.o
HAL_PCD_GetState                                  build/stm32f1xx_hal_pcd.o
HAL_PCD_IRQHandler                                build/stm32f1xx_hal_pcd.o
                                                  build/stm32f1xx_it.o
HAL_PCD_ISOINIncompleteCallback                   build/usbd_conf.o
HAL_PCD_ISOOUTIncompleteCallback                  build/usbd_conf.o
HAL_PCD_Init                                      build/stm32f1xx_hal_pcd.o
                                                  build/usbd_conf.o
HAL_PCD_MspDeInit                                 build/usbd_conf.o
HAL_PCD_MspInit                                   build/usbd_conf.o
HAL_PCD_ResetCallback                             build/usbd_conf.o
HAL_PCD_ResumeCallback                            build/usbd_conf.o
HAL_PCD_SOFCallback                               build/usbd_conf.o
HAL_PCD_SetAddress                                build/stm32f1xx_hal_pcd.o
                                                  build/usbd_conf.o
HAL_PCD_SetupStageCallback                        build/usbd_conf.o
HAL_PCD_Start                                     build/stm32f1xx_hal_pcd.o
                                                  build/usbd_conf.o
HAL_PCD_Stop                                      build/stm32f1xx_hal_pcd.o
                                                  build/usbd_conf.o
HAL_PCD_SuspendCallback                           build/usbd_conf.o
HAL_PCD_WKUP_IRQHandler                           build/stm32f1xx_hal_pcd.o
HAL_PWR_ConfigPVD                                 build/stm32f1xx_hal_pwr.o
HAL_PWR_DeInit                                    build/stm32f1xx_hal_pwr.o
HAL_PWR_DisableBkUpAccess                         build/stm32f1xx_hal_pwr.o
HAL_PWR_DisablePVD                                build/stm32f1xx_hal_pwr.o
HAL_PWR_DisableSEVOnPend                          build/stm32f1xx_hal_pwr.o
HAL_PWR_DisableSleepOnExit                        build/stm32f1xx_hal_pwr.o
HAL_PWR_DisableWakeUpPin                          build/stm32f1xx_hal_pwr.o
HAL_PWR_EnableBkUpAccess                          build/stm32f1xx_hal_pwr.o
HAL_PWR_EnablePVD                                 build/stm32f1xx_hal_pwr.o
HAL_PWR_EnableSEVOnPend                           build/stm32f1xx_hal_pwr.o
HAL_PWR_EnableSleepOnExit                         build/stm32f1xx_hal_pwr.o
HAL_PWR_EnableWakeUpPin                           build/stm32f1xx_hal_pwr.o
HAL_PWR_EnterSLEEPMode                            build/stm32f1xx_hal_pwr.o
HAL_PWR_EnterSTANDBYMode                          build/stm32f1xx_hal_pwr.o
HAL_PWR_EnterSTOPMode                             build/stm32f1xx_hal_pwr.o
HAL_PWR_PVDCallback                               build/stm32f1xx_hal_pwr.o
HAL_PWR_PVD_IRQHandler                            build/stm32f1xx_hal_pwr.o
HAL_RCCEx_GetPeriphCLKConfig                      build/stm32f1xx_hal_rcc_ex.o
HAL_RCCEx_GetPeriphCLKFreq                        build/stm32f1xx_hal_rcc_ex.o
HAL_RCCEx_PeriphCLKConfig                         build/stm32f1xx_hal_rcc_ex.o
                                                  build/main.o
HAL_RCC_CSSCallback                               build/stm32f1xx_hal_rcc.o
HAL_RCC_ClockConfig                               build/stm32f1xx_hal_rcc.o
                                                  build/main.o
HAL_RCC_DeInit                                    build/stm32f1xx_hal_rcc.o
HAL_RCC_DisableCSS                                build/stm32f1xx_hal_rcc.o
HAL_RCC_EnableCSS                                 build/stm32f1xx_hal_rcc.o
HAL_RCC_GetClockConfig                            build/stm32f1xx_hal_rcc.o
HAL_RCC_GetHCLKFreq                               build/stm32f1xx_hal_rcc.o
HAL_RCC_GetOscConfig                              build/stm32f1xx_hal_rcc.o
HAL_RCC_GetPCLK1Freq                              build/stm32f1xx_hal_rcc.o
HAL_RCC_GetPCLK2Freq                              build/stm32f1xx_hal_rcc.o
                                                  build/stm32f1xx_hal_rcc_ex.o
HAL_RCC_GetSysClockFreq                           build/stm32f1xx_hal_rcc.o
HAL_RCC_MCOConfig                                 build/stm32f1xx_hal_rcc.o
HAL_RCC_NMI_IRQHandler                            build/stm32f1xx_hal_rcc.o
HAL_RCC_OscConfig                                 build/stm32f1xx_hal_rcc.o
                                                  build/main.o
HAL_ResumeTick                                    build/stm32f1xx_hal.o
HAL_SYSTICK_CLKSourceConfig                       build/stm32f1xx_hal_cortex.o
HAL_SYSTICK_Callback                              build/stm32f1xx_hal_cortex.o
HAL_SYSTICK_Config                                build/stm32f1xx_hal_cortex.o
                                                  build/stm32f1xx_hal.o
HAL_SYSTICK_IRQHandler                            build/stm32f1xx_hal_cortex.o
HAL_SetTickFreq                                   build/stm32f1xx_hal.o
HAL_SuspendTick                                   build/stm32f1xx_hal.o
HardFault_Handler                                 build/stm32f1xx_it.o
I2C1_ER_IRQHandler                                build/startup_stm32f103xb.o
I2C1_EV_IRQHandler                                build/startup_stm32f103xb.o
I2C2_ER_IRQHandler                                build/startup_stm32f103xb.o
I2C2_EV_IRQHandler                                build/startup_stm32f103xb.o
MX_USB_DEVICE_Init                                build/usb_device.o
                                                  build/main.o
MemManage_Handler                                 build/stm32f1xx_it.o
NMI_Handler                                       build/stm32f1xx_it.o
PVD_IRQHandler                                    build/startup_stm32f103xb.o
PendSV_Handler                                    build/stm32f1xx_it.o
RCC_IRQHandler                                    build/startup_stm32f103xb.o
RTC_Alarm_IRQHandler                              build/startup_stm32f103xb.o
RTC_IRQHandler                                    build/startup_stm32f103xb.o
Reset_Handler                                     build/startup_stm32f103xb.o
SPI1_IRQHandler                                   build/startup_stm32f103xb.o
SPI2_IRQHandler                                   build/startup_stm32f103xb.o
SVC_Handler                                       build/stm32f1xx_it.o
SysTick_Handler                                   build/stm32f1xx_it.o
SystemClock_Config                                build/main.o
SystemCoreClock                                   build/system_stm32f1xx.o
                                                  build/stm32f1xx_hal_rcc.o
                                                  build/stm32f1xx_hal.o
SystemCoreClockUpdate                             build/system_stm32f1xx.o
SystemInit                                        build/system_stm32f1xx.o
                                                  build/startup_stm32f103xb.o
TAMPER_IRQHandler                                 build/startup_stm32f103xb.o
TIM1_BRK_IRQHandler                               build/startup_stm32f103xb.o
TIM1_CC_IRQHandler                                build/startup_stm32f103xb.o
TIM1_TRG_COM_IRQHandler                           build/startup_stm32f103xb.o
TIM1_UP_IRQHandler                                build/startup_stm32f103xb.o
TIM2_IRQHandler                                   build/startup_stm32f103xb.o
TIM3_IRQHandler                                   build/startup_stm32f103xb.o
TIM4_IRQHandler                                   build/startup_stm32f103xb.o
USART1_IRQHandler                                 build/startup_stm32f103xb.o
USART2_IRQHandler                                 build/startup_stm32f103xb.o
USART3_IRQHandler                                 build/startup_stm32f103xb.o
USBD_ClrClassConfig                               build/usbd_core.o
                                                  build/usbd_ctlreq.o
USBD_CtlContinueRx                                build/usbd_ioreq.o
                                                  build/usbd_core.o
USBD_CtlContinueSendData                          build/usbd_ioreq.o
                                                  build/usbd_core.o
USBD_CtlError                                     build/usbd_ctlreq.o
                                                  build/usbd_hid.o
USBD_CtlPrepareRx                                 build/usbd_ioreq.o
USBD_CtlReceiveStatus                             build/usbd_ioreq.o
                                                  build/usbd_core.o
USBD_CtlSendData                                  build/usbd_ioreq.o
                                                  build/usbd_hid.o
                                                  build/usbd_ctlreq.o
USBD_CtlSendStatus                                build/usbd_ioreq.o
                                                  build/usbd_ctlreq.o
                                                  build/usbd_core.o
USBD_DeInit                                       build/usbd_core.o
USBD_FS_ConfigStrDescriptor                       build/usbd_desc.o
USBD_FS_DeviceDesc                                build/usbd_desc.o
USBD_FS_DeviceDescriptor                          build/usbd_desc.o
USBD_FS_InterfaceStrDescriptor                    build/usbd_desc.o
USBD_FS_LangIDStrDescriptor                       build/usbd_desc.o
USBD_FS_ManufacturerStrDescriptor                 build/usbd_desc.o
USBD_FS_ProductStrDescriptor                      build/usbd_desc.o
USBD_FS_SerialStrDescriptor                       build/usbd_desc.o
USBD_GetRxCount                                   build/usbd_ioreq.o
USBD_GetString                                    build/usbd_ctlreq.o
                                                  build/usbd_desc.o
USBD_HID                                          build/usbd_hid.o
                                                  build/usb_device.o
USBD_HID_GetPollingInterval                       build/usbd_hid.o
USBD_HID_SendReport                               build/usbd_hid.o
                                                  build/usb_hid_keyboard.o
USBD_Init                                         build/usbd_core.o
                                                  build/usb_device.o
USBD_LL_ClearStallEP                              build/usbd_conf.o
                                                  build/usbd_ctlreq.o
USBD_LL_CloseEP                                   build/usbd_conf.o
                                                  build/usbd_hid.o
USBD_LL_DataInStage                               build/usbd_core.o
                                                  build/usbd_conf.o
USBD_LL_DataOutStage                              build/usbd_core.o
                                                  build/usbd_conf.o
USBD_LL_DeInit                                    build/usbd_conf.o
                                                  build/usbd_core.o
USBD_LL_Delay                                     build/usbd_conf.o
USBD_LL_DevConnected                              build/usbd_core.o
                                                  build/usbd_conf.o
USBD_LL_DevDisconnected                           build/usbd_core.o
                                                  build/usbd_conf.o
USBD_LL_FlushEP                                   build/usbd_conf.o
USBD_LL_GetRxDataSize                             build/usbd_conf.o
                                                  build/usbd_ioreq.o
USBD_LL_Init                                      build/usbd_conf.o
                                                  build/usbd_core.o
USBD_LL_IsStallEP                                 build/usbd_conf.o
                                                  build/usbd_ctlreq.o
USBD_LL_IsoINIncomplete                           build/usbd_core.o
                                                  build/usbd_conf.o
USBD_LL_IsoOUTIncomplete                          build/usbd_core.o
                                                  build/usbd_conf.o
USBD_LL_OpenEP                                    build/usbd_conf.o
                                                  build/usbd_hid.o
                                                  build/usbd_core.o
USBD_LL_PrepareReceive                            build/usbd_conf.o
                                                  build/usbd_ioreq.o
                                                  build/usbd_core.o
USBD_LL_Reset                                     build/usbd_core.o
                                                  build/usbd_conf.o
USBD_LL_Resume                                    build/usbd_core.o
                                                  build/usbd_conf.o
USBD_LL_SOF                                       build/usbd_core.o
                                                  build/usbd_conf.o
USBD_LL_SetSpeed                                  build/usbd_core.o
                                                  build/usbd_conf.o
USBD_LL_SetUSBAddress                             build/usbd_conf.o
                                                  build/usbd_ctlreq.o
USBD_LL_SetupStage                                build/usbd_core.o
                                                  build/usbd_conf.o
USBD_LL_StallEP                                   build/usbd_conf.o
                                                  build/usbd_ctlreq.o
                                                  build/usbd_core.o
USBD_LL_Start                                     build/usbd_conf.o
                                                  build/usbd_core.o
USBD_LL_Stop                                      build/usbd_conf.o
                                                  build/usbd_core.o
USBD_LL_Suspend                                   build/usbd_core.o
                                                  build/usbd_conf.o
USBD_LL_Transmit                                  build/usbd_conf.o
                                                  build/usbd_hid.o
                                                  build/usbd_ioreq.o
USBD_LangIDDesc                                   build/usbd_desc.o
USBD_ParseSetupRequest                            build/usbd_ctlreq.o
                                                  build/usbd_core.o
USBD_RegisterClass                                build/usbd_core.o
                                                  build/usb_device.o
USBD_RunTestMode                                  build/usbd_core.o
USBD_SetClassConfig                               build/usbd_core.o
                                                  build/usbd_ctlreq.o
USBD_Start                                        build/usbd_core.o
                                                  build/usb_device.o
USBD_StdDevReq                                    build/usbd_ctlreq.o
                                                  build/usbd_core.o
USBD_StdEPReq                                     build/usbd_ctlreq.o
                                                  build/usbd_core.o
USBD_StdItfReq                                    build/usbd_ctlreq.o
                                                  build/usbd_core.o
USBD_Stop                                         build/usbd_core.o
USBD_StrDesc                                      build/usbd_desc.o
USBD_StringSerial                                 build/usbd_desc.o
USBD_static_free                                  build/usbd_conf.o
                                                  build/usbd_hid.o
USBD_static_malloc                                build/usbd_conf.o
                                                  build/usbd_hid.o
USBWakeUp_IRQHandler                              build/startup_stm32f103xb.o
USB_ActivateEndpoint                              build/stm32f1xx_ll_usb.o
                                                  build/stm32f1xx_hal_pcd.o
USB_ActivateRemoteWakeup                          build/stm32f1xx_ll_usb.o
                                                  build/stm32f1xx_hal_pcd.o
USB_ClearInterrupts                               build/stm32f1xx_ll_usb.o
USB_CoreInit                                      build/stm32f1xx_ll_usb.o
                                                  build/stm32f1xx_hal_pcd.o
USB_DeActivateRemoteWakeup                        build/stm32f1xx_ll_usb.o
                                                  build/stm32f1xx_hal_pcd.o
USB_DeactivateEndpoint                            build/stm32f1xx_ll_usb.o
                                                  build/stm32f1xx_hal_pcd.o
USB_DevConnect                                    build/stm32f1xx_ll_usb.o
                                                  build/stm32f1xx_hal_pcd.o
USB_DevDisconnect                                 build/stm32f1xx_ll_usb.o
                                                  build/stm32f1xx_hal_pcd.o
USB_DevInit                                       build/stm32f1xx_ll_usb.o
                                                  build/stm32f1xx_hal_pcd.o
USB_DisableGlobalInt                              build/stm32f1xx_ll_usb.o
                                                  build/stm32f1xx_hal_pcd.o
USB_EP0_OutStart                                  build/stm32f1xx_ll_usb.o
                                                  build/stm32f1xx_hal_pcd.o
USB_EPClearStall                                  build/stm32f1xx_ll_usb.o
                                                  build/stm32f1xx_hal_pcd.o
USB_EPSetStall                                    build/stm32f1xx_ll_usb.o
                                                  build/stm32f1xx_hal_pcd.o
USB_EPStartXfer                                   build/stm32f1xx_ll_usb.o
                                                  build/stm32f1xx_hal_pcd.o
USB_EPStopXfer                                    build/stm32f1xx_ll_usb.o
                                                  build/stm32f1xx_hal_pcd.o
USB_EnableGlobalInt                               build/stm32f1xx_ll_usb.o
                                                  build/stm32f1xx_hal_pcd.o
USB_FlushRxFifo                                   build/stm32f1xx_ll_usb.o
                                                  build/stm32f1xx_hal_pcd.o
USB_FlushTxFifo                                   build/stm32f1xx_ll_usb.o
                                                  build/stm32f1xx_hal_pcd.o
USB_HP_CAN1_TX_IRQHandler                         build/startup_stm32f103xb.o
USB_Keyboard_SendChar                             build/usb_hid_keyboard.o
USB_Keyboard_SendString                           build/usb_hid_keyboard.o
                                                  build/main.o
USB_LP_CAN1_RX0_IRQHandler                        build/stm32f1xx_it.o
USB_ReadDevAllInEpInterrupt                       build/stm32f1xx_ll_usb.o
USB_ReadDevAllOutEpInterrupt                      build/stm32f1xx_ll_usb.o
USB_ReadDevInEPInterrupt                          build/stm32f1xx_ll_usb.o
USB_ReadDevOutEPInterrupt                         build/stm32f1xx_ll_usb.o
USB_ReadInterrupts                                build/stm32f1xx_ll_usb.o
                                                  build/stm32f1xx_hal_pcd.o
USB_ReadPMA                                       build/stm32f1xx_ll_usb.o
                                                  build/stm32f1xx_hal_pcd.o
USB_SetCurrentMode                                build/stm32f1xx_ll_usb.o
                                                  build/stm32f1xx_hal_pcd.o
USB_SetDevAddress                                 build/stm32f1xx_ll_usb.o
                                                  build/stm32f1xx_hal_pcd.o
USB_StopDevice                                    build/stm32f1xx_ll_usb.o
                                                  build/stm32f1xx_hal_pcd.o
USB_WritePMA                                      build/stm32f1xx_ll_usb.o
                                                  build/stm32f1xx_hal_pcd.o
UsageFault_Handler                                build/stm32f1xx_it.o
WWDG_IRQHandler                                   build/startup_stm32f103xb.o
__atexit                                          /usr/lib/gcc/arm-none-eabi/13.2.0/../../../../arm-none-eabi/lib/thumb/v7-m/nofp/libc_nano.a(libc_a-__call_atexit.o)
                                                  /usr/lib/gcc/arm-none-eabi/13.2.0/../../../../arm-none-eabi/lib/thumb/v7-m/nofp/libc_nano.a(libc_a-__atexit.o)
__atexit0                                         /usr/lib/gcc/arm-none-eabi/13.2.0/../../../../arm-none-eabi/lib/thumb/v7-m/nofp/libc_nano.a(libc_a-__atexit.o)
__atexit_dummy                                    /usr/lib/gcc/arm-none-eabi/13.2.0/../../../../arm-none-eabi/lib/thumb/v7-m/nofp/libc_nano.a(libc_a-__atexit.o)
__atexit_recursive_mutex                          /usr/lib/gcc/arm-none-eabi/13.2.0/../../../../arm-none-eabi/lib/thumb/v7-m/nofp/libc_nano.a(libc_a-__call_atexit.o)
                                                  /usr/lib/gcc/arm-none-eabi/13.2.0/../../../../arm-none-eabi/lib/thumb/v7-m/nofp/libc_nano.a(libc_a-__atexit.o)
__bss_end__                                       /usr/lib/gcc/arm-none-eabi/13.2.0/../../../../arm-none-eabi/lib/thumb/v7-m/nofp/crt0.o
__bss_start__                                     /usr/lib/gcc/arm-none-eabi/13.2.0/../../../../arm-none-eabi/lib/thumb/v7-m/nofp/crt0.o
__call_exitprocs                                  /usr/lib/gcc/arm-none-eabi/13.2.0/../../../../arm-none-eabi/lib/thumb/v7-m/nofp/libc_nano.a(libc_a-__call_atexit.o)
                                                  /usr/lib/gcc/arm-none-eabi/13.2.0/../../../../arm-none-eabi/lib/thumb/v7-m/nofp/libc_nano.a(libc_a-__atexit.o)
                                                  /usr/lib/gcc/arm-none-eabi/13.2.0/../../../../arm-none-eabi/lib/thumb/v7-m/nofp/libc_nano.a(libc_a-exit.o)
__deregister_frame_info                           /usr/lib/gcc/arm-none-eabi/13.2.0/thumb/v7-m/nofp/crtbegin.o
__dso_handle                                      /usr/lib/gcc/arm-none-eabi/13.2.0/thumb/v7-m/nofp/crtbegin.o
__fini_array_end                                  /usr/lib/gcc/arm-none-eabi/13.2.0/../../../../arm-none-eabi/lib/thumb/v7-m/nofp/libc_nano.a(libc_a-fini.o)
__fini_array_start                                /usr/lib/gcc/arm-none-eabi/13.2.0/../../../../arm-none-eabi/lib/thumb/v7-m/nofp/libc_nano.a(libc_a-fini.o)
__fp_lock_all                                     /usr/lib/gcc/arm-none-eabi/13.2.0/../../../../arm-none-eabi/lib/thumb/v7-m/nofp/libc_nano.a(libc_a-findfp.o)
__fp_unlock_all                                   /usr/lib/gcc/arm-none-eabi/13.2.0/../../../../arm-none-eabi/lib/thumb/v7-m/nofp/libc_nano.a(libc_a-findfp.o)
__init_array_end                                  /usr/lib/gcc/arm-none-eabi/13.2.0/../../../../arm-none-eabi/lib/thumb/v7-m/nofp/libc_nano.a(libc_a-init.o)
__init_array_start                                /usr/lib/gcc/arm-none-eabi/13.2.0/../../../../arm-none-eabi/lib/thumb/v7-m/nofp/libc_nano.a(libc_a-init.o)
__libc_fini_array                                 /usr/lib/gcc/arm-none-eabi/13.2.0/../../../../arm-none-eabi/lib/thumb/v7-m/nofp/libc_nano.a(libc_a-fini.o)
                                                  /usr/lib/gcc/arm-none-eabi/13.2.0/../../../../arm-none-eabi/lib/thumb/v7-m/nofp/crt0.o
__libc_init_array                                 /usr/lib/gcc/arm-none-eabi/13.2.0/../../../../arm-none-eabi/lib/thumb/v7-m/nofp/libc_nano.a(libc_a-init.o)
                                                  build/startup_stm32f103xb.o
                                                  /usr/lib/gcc/arm-none-eabi/13.2.0/../../../../arm-none-eabi/lib/thumb/v7-m/nofp/crt0.o
__lock___arc4random_mutex                         /usr/lib/gcc/arm-none-eabi/13.2.0/../../../../arm-none-eabi/lib/thumb/v7-m/nofp/libc_nano.a(libc_a-lock.o)
__lock___at_quick_exit_mutex                      /usr/lib/gcc/arm-none-eabi/13.2.0/../../../../arm-none-eabi/lib/thumb/v7-m/nofp/libc_nano.a(libc_a-lock.o)
__lock___atexit_recursive_mutex                   /usr/lib/gcc/arm-none-eabi/13.2.0/../../../../arm-none-eabi/lib/thumb/v7-m/nofp/libc_nano.a(libc_a-lock.o)
                                                  /usr/lib/gcc/arm-none-eabi/13.2.0/../../../../arm-none-eabi/lib/thumb/v7-m/nofp/libc_nano.a(libc_a-__call_atexit.o)
__lock___dd_hash_mutex                            /usr/lib/gcc/arm-none-eabi/13.2.0/../../../../arm-none-eabi/lib/thumb/v7-m/nofp/libc_nano.a(libc_a-lock.o)
__lock___env_recursive_mutex                      /usr/lib/gcc/arm-none-eabi/13.2.0/../../../../arm-none-eabi/lib/thumb/v7-m/nofp/libc_nano.a(libc_a-lock.o)
__lock___malloc_recursive_mutex                   /usr/lib/gcc/arm-none-eabi/13.2.0/../../../../arm-none-eabi/lib/thumb/v7-m/nofp/libc_nano.a(libc_a-lock.o)
                                                  /usr/lib/gcc/arm-none-eabi/13.2.0/../../../../arm-none-eabi/lib/thumb/v7-m/nofp/libc_nano.a(libc_a-mlock.o)
__lock___sfp_recursive_mutex                      /usr/lib/gcc/arm-none-eabi/13.2.0/../../../../arm-none-eabi/lib/thumb/v7-m/nofp/libc_nano.a(libc_a-lock.o)
                                                  /usr/lib/gcc/arm-none-eabi/13.2.0/../../../../arm-none-eabi/lib/thumb/v7-m/nofp/libc_nano.a(libc_a-findfp.o)
__lock___tz_mutex                                 /usr/lib/gcc/arm-none-eabi/13.2.0/../../../../arm-none-eabi/lib/thumb/v7-m/nofp/libc_nano.a(libc_a-lock.o)
__malloc_free_list                                /usr/lib/gcc/arm-none-eabi/13.2.0/../../../../arm-none-eabi/lib/thumb/v7-m/nofp/libc_nano.a(libc_a-mallocr.o)
                                                  /usr/lib/gcc/arm-none-eabi/13.2.0/../../../../arm-none-eabi/lib/thumb/v7-m/nofp/libc_nano.a(libc_a-freer.o)
__malloc_lock                                     /usr/lib/gcc/arm-none-eabi/13.2.0/../../../../arm-none-eabi/lib/thumb/v7-m/nofp/libc_nano.a(libc_a-mlock.o)
                                                  /usr/lib/gcc/arm-none-eabi/13.2.0/../../../../arm-none-eabi/lib/thumb/v7-m/nofp/libc_nano.a(libc_a-mallocr.o)
                                                  /usr/lib/gcc/arm-none-eabi/13.2.0/../../../../arm-none-eabi/lib/thumb/v7-m/nofp/libc_nano.a(libc_a-freer.o)
__malloc_sbrk_start                               /usr/lib/gcc/arm-none-eabi/13.2.0/../../../../arm-none-eabi/lib/thumb/v7-m/nofp/libc_nano.a(libc_a-mallocr.o)
__malloc_unlock                                   /usr/lib/gcc/arm-none-eabi/13.2.0/../../../../arm-none-eabi/lib/thumb/v7-m/nofp/libc_nano.a(libc_a-mlock.o)
                                                  /usr/lib/gcc/arm-none-eabi/13.2.0/../../../../arm-none-eabi/lib/thumb/v7-m/nofp/libc_nano.a(libc_a-mallocr.o)
                                                  /usr/lib/gcc/arm-none-eabi/13.2.0/../../../../arm-none-eabi/lib/thumb/v7-m/nofp/libc_nano.a(libc_a-freer.o)
__on_exit_args                                    /usr/lib/gcc/arm-none-eabi/13.2.0/../../../../arm-none-eabi/lib/thumb/v7-m/nofp/libc_nano.a(libc_a-__atexit.o)
__preinit_array_end                               /usr/lib/gcc/arm-none-eabi/13.2.0/../../../../arm-none-eabi/lib/thumb/v7-m/nofp/libc_nano.a(libc_a-init.o)
__preinit_array_start                             /usr/lib/gcc/arm-none-eabi/13.2.0/../../../../arm-none-eabi/lib/thumb/v7-m/nofp/libc_nano.a(libc_a-init.o)
__register_exitproc                               /usr/lib/gcc/arm-none-eabi/13.2.0/../../../../arm-none-eabi/lib/thumb/v7-m/nofp/libc_nano.a(libc_a-__atexit.o)
                                                  /usr/lib/gcc/arm-none-eabi/13.2.0/../../../../arm-none-eabi/lib/thumb/v7-m/nofp/libc_nano.a(libc_a-atexit.o)
__register_frame_info                             /usr/lib/gcc/arm-none-eabi/13.2.0/thumb/v7-m/nofp/crtbegin.o
__retarget_lock_acquire                           /usr/lib/gcc/arm-none-eabi/13.2.0/../../../../arm-none-eabi/lib/thumb/v7-m/nofp/libc_nano.a(libc_a-lock.o)
__retarget_lock_acquire_recursive                 /usr/lib/gcc/arm-none-eabi/13.2.0/../../../../arm-none-eabi/lib/thumb/v7-m/nofp/libc_nano.a(libc_a-lock.o)
                                                  /usr/lib/gcc/arm-none-eabi/13.2.0/../../../../arm-none-eabi/lib/thumb/v7-m/nofp/libc_nano.a(libc_a-fflush.o)
                                                  /usr/lib/gcc/arm-none-eabi/13.2.0/../../../../arm-none-eabi/lib/thumb/v7-m/nofp/libc_nano.a(libc_a-mlock.o)
                                                  /usr/lib/gcc/arm-none-eabi/13.2.0/../../../../arm-none-eabi/lib/thumb/v7-m/nofp/libc_nano.a(libc_a-__call_atexit.o)
                                                  /usr/lib/gcc/arm-none-eabi/13.2.0/../../../../arm-none-eabi/lib/thumb/v7-m/nofp/libc_nano.a(libc_a-__atexit.o)
                                                  /usr/lib/gcc/arm-none-eabi/13.2.0/../../../../arm-none-eabi/lib/thumb/v7-m/nofp/libc_nano.a(libc_a-findfp.o)
__retarget_lock_close                             /usr/lib/gcc/arm-none-eabi/13.2.0/../../../../arm-none-eabi/lib/thumb/v7-m/nofp/libc_nano.a(libc_a-lock.o)
__retarget_lock_close_recursive                   /usr/lib/gcc/arm-none-eabi/13.2.0/../../../../arm-none-eabi/lib/thumb/v7-m/nofp/libc_nano.a(libc_a-lock.o)
__retarget_lock_init                              /usr/lib/gcc/arm-none-eabi/13.2.0/../../../../arm-none-eabi/lib/thumb/v7-m/nofp/libc_nano.a(libc_a-lock.o)
__retarget_lock_init_recursive                    /usr/lib/gcc/arm-none-eabi/13.2.0/../../../../arm-none-eabi/lib/thumb/v7-m/nofp/libc_nano.a(libc_a-lock.o)
                                                  /usr/lib/gcc/arm-none-eabi/13.2.0/../../../../arm-none-eabi/lib/thumb/v7-m/nofp/libc_nano.a(libc_a-findfp.o)
__retarget_lock_release                           /usr/lib/gcc/arm-none-eabi/13.2.0/../../../../arm-none-eabi/lib/thumb/v7-m/nofp/libc_nano.a(libc_a-lock.o)
__retarget_lock_release_recursive                 /usr/lib/gcc/arm-none-eabi/13.2.0/../../../../arm-none-eabi/lib/thumb/v7-m/nofp/libc_nano.a(libc_a-lock.o)
                                                  /usr/lib/gcc/arm-none-eabi/13.2.0/../../../../arm-none-eabi/lib/thumb/v7-m/nofp/libc_nano.a(libc_a-fflush.o)
                                                  /usr/lib/gcc/arm-none-eabi/13.2.0/../../../../arm-none-eabi/lib/thumb/v7-m/nofp/libc_nano.a(libc_a-mlock.o)
                                                  /usr/lib/gcc/arm-none-eabi/13.2.0/../../../../arm-none-eabi/lib/thumb/v7-m/nofp/libc_nano.a(libc_a-__call_atexit.o)
                                                  /usr/lib/gcc/arm-none-eabi/13.2.0/../../../../arm-none-eabi/lib/thumb/v7-m/nofp/libc_nano.a(libc_a-__atexit.o)
                                                  /usr/lib/gcc/arm-none-eabi/13.2.0/../../../../arm-none-eabi/lib/thumb/v7-m/nofp/libc_nano.a(libc_a-findfp.o)